Microchip MPLAB XC8 Compiler V1.45 ()

Linker command line:

-W-3 --edf=C:\Program Files (x86)\Microchip\xc8\v1.45\dat\en_msgs.txt -cs \
  -h+dist/default/debug\Noise_Meter.debug.sym \
  --cmf=dist/default/debug\Noise_Meter.debug.cmf -z -Q16F19156 \
  -oC:\Users\HUGOC_~1\AppData\Local\Temp\s8ic.2 \
  -Mdist/default/debug/Noise_Meter.debug.map -E1 -ver=XC8 \
  -ASTACK=020D5h-025f7h -pstack=STACK -ACODE=00h-07FFhx8 \
  -ASTRCODE=00h-03FFFh -ASTRING=00h-0FFhx64 -ACONST=00h-0FFhx64 \
  -AENTRY=00h-0FFhx64 -ACOMMON=070h-07Fh -ABANK0=020h-06Fh \
  -ABANK1=0A0h-0EFh -ABANK2=0120h-016Fh -ABANK3=01A0h-01EFh \
  -ABANK4=0220h-026Fh -ABANK5=02A0h-02EFh -ABANK6=0320h-036Fh \
  -ABANK7=03A0h-03EFh -ABANK8=0420h-046Fh -ABANK9=04A0h-04EFh \
  -ABANK10=0520h-056Fh -ABANK11=05A0h-05EFh -ABANK12=0620h-066Fh \
  -ABANK13=06A0h-06EFh -ABANK14=0720h-076Fh -ABANK15=07A0h-07EFh \
  -ABANK16=0820h-086Fh -ABANK17=08A0h-08EFh -ABANK18=0920h-096Fh \
  -ABANK19=09A0h-09EFh -ABANK20=0A20h-0A6Fh -ABANK21=0AA0h-0AEFh \
  -ABANK22=0B20h-0B6Fh -ABANK23=0BA0h-0BEFh -ABANK24=0C20h-0C6Fh \
  -ABANK25=0CA0h-0CBFh -ABIGRAM=02000h-027EFh \
  -ARAM=020h-06Fh,0A0h-0EFh,0120h-016Fh,01A0h-01EFh,0220h-026Fh,02A0h-02EFh,0320h-036Fh,03A0h-03EFh,0420h-046Fh,04A0h-04EFh,0520h-056Fh,05A0h-05EFh,0620h-066Fh,06A0h-06EFh,0720h-076Fh,07A0h-07EFh,0820h-086Fh,08A0h-08EFh,0920h-096Fh,09A0h-09EFh,0A20h-0A6Fh,0AA0h-0AEFh,0B20h-0B6Fh,0BA0h-0BEFh,0C20h-0C6Fh,0CA0h-0CBFh \
  -AABS1=020h-07Fh,0A0h-0EFh,0120h-016Fh,01A0h-01EFh,0220h-026Fh,02A0h-02EFh,0320h-036Fh,03A0h-03EFh,0420h-046Fh,04A0h-04EFh,0520h-056Fh,05A0h-05EFh,0620h-066Fh,06A0h-06EFh,0720h-076Fh,07A0h-07EFh,0820h-086Fh,08A0h-08EFh,0920h-096Fh,09A0h-09EFh,0A20h-0A6Fh,0AA0h-0AEFh,0B20h-0B6Fh,0BA0h-0BEFh,0C20h-0C6Fh,0CA0h-0CBFh \
  -ASFR0=00h-01Fh -ASFR1=080h-09Fh -ASFR2=0100h-011Fh -ASFR3=0180h-019Fh \
  -ASFR4=0200h-021Fh -ASFR5=0280h-029Fh -ASFR6=0300h-031Fh \
  -ASFR7=0380h-039Fh -ASFR8=0400h-041Fh -ASFR9=0480h-049Fh \
  -ASFR10=0500h-051Fh -ASFR11=0580h-059Fh -ASFR12=0600h-061Fh \
  -ASFR13=0680h-069Fh -ASFR14=0700h-071Fh -ASFR15=0780h-079Fh \
  -ASFR16=0800h-081Fh -ASFR17=0880h-089Fh -ASFR18=0900h-091Fh \
  -ASFR19=0980h-099Fh -ASFR20=0A00h-0A1Fh -ASFR21=0A80h-0A9Fh \
  -ASFR22=0B00h-0B1Fh -ASFR23=0B80h-0B9Fh -ASFR24=0C00h-0C1Fh \
  -ASFR25=0C80h-0C9Fh -ASFR26=0D00h-0D6Fh -ASFR27=0D80h-0DEFh \
  -ASFR28=0E00h-0E6Fh -ASFR29=0E80h-0EEFh -ASFR30=0F00h-0F6Fh \
  -ASFR31=0F80h-0FEFh -ASFR32=01000h-0106Fh -ASFR33=01080h-010EFh \
  -ASFR34=01100h-0116Fh -ASFR35=01180h-011EFh -ASFR36=01200h-0126Fh \
  -ASFR37=01280h-012EFh -ASFR38=01300h-0136Fh -ASFR39=01380h-013EFh \
  -ASFR40=01400h-0146Fh -ASFR41=01480h-014EFh -ASFR42=01500h-0156Fh \
  -ASFR43=01580h-015EFh -ASFR44=01600h-0166Fh -ASFR45=01680h-016EFh \
  -ASFR46=01700h-0176Fh -ASFR47=01780h-017EFh -ASFR48=01800h-0186Fh \
  -ASFR49=01880h-018EFh -ASFR50=01900h-0196Fh -ASFR51=01980h-019EFh \
  -ASFR52=01A00h-01A6Fh -ASFR53=01A80h-01AEFh -ASFR54=01B00h-01B6Fh \
  -ASFR55=01B80h-01BEFh -ASFR56=01C00h-01C6Fh -ASFR57=01C80h-01CEFh \
  -ASFR58=01D00h-01D6Fh -ASFR59=01D80h-01DEFh -ASFR60=01E00h-01E6Fh \
  -ASFR61=01E80h-01EEFh -ASFR62=01F00h-01F6Fh -ASFR63=01F80h-01FEFh \
  -preset_vec=00h,intentry=04h,init,end_init -ppowerup=CODE -pcinit=CODE \
  -pfunctab=ENTRY -ACONFIG=08007h-0800Bh -pconfig=CONFIG -DCONFIG=2 \
  -AIDLOC=08000h-08003h -pidloc=IDLOC -DIDLOC=2 -AEEDATA=00h-0FFh/0F000h \
  -peeprom_data=EEDATA -DEEDATA=2 -DCODE=2 -DSTRCODE=2 -DSTRING=2 -DCONST=2 \
  -DENTRY=2 -k C:\Users\HUGOC_~1\AppData\Local\Temp\s8ic.obj \
  dist/default/debug\Noise_Meter.debug.obj 

Object code version is 3.11

Machine type is 16F19156



                Name                               Link     Load   Length Selector   Space Scale
C:\Users\HUGOC_~1\AppData\Local\Temp\s8ic.obj
                end_init                             14       14        2        8       0
                reset_vec                             0        0        3        0       0
                config                             8007     8007        5    1000E       0
dist/default/debug\Noise_Meter.debug.obj
                cinit                                16       16       23        8       0
                intentry                              4        4       10        8       0
                text53                             1F4A     1F4A        6     3E94       0
                text52                             1F50     1F50        7     3EA0       0
                text51                             1F57     1F57        8     3EAE       0
                text50                             16B8     16B8       64     2D70       0
                text49                             12F8     12F8       13     25F0       0
                text48                             1578     1578       45     2AF0       0
                text47                             139E     139E       1C     273C       0
                text46                             147F     147F       3B     28FE       0
                text45                             1412     1412       20     2824       0
                text44                             1F6F     1F6F        B     3EDE       0
                text43                             1F7A     1F7A        B     3EF4       0
                text42                             1661     1661       57     2CC2       0
                text41                             14BA     14BA       3B     2974       0
                text40                             1F5F     1F5F        8     3EBE       0
                text39                              BA9      BA9       F6     1752       0
                text38                             13D6     13D6       1E     27AC       0
                text37                              83B      83B       87     1076       0
                text36                             15BD     15BD       52     2B7A       0
                text35                             1536     1536       42     2A6C       0
                text34                             1457     1457       28     28AE       0
                text33                              C9F      C9F      11D     193E       0
                text32                              976      976       B6     12EC       0
                text31                             160F     160F       52     2C1E       0
                text30                              8C2      8C2       B4     1184       0
                text29                              654      654      165        8       0
                text28                             1FCF     1FCF        E     3F9E       0
                text27                              DBC      DBC      244     1B78       0
                text26                               39       39      61B        8       0
                text25                             134D     134D       1B     269A       0
                text24                             1FDD     1FDD       11     3FBA       0
                text23                              AE3      AE3       C6     15C6       0
                text22                             131F     131F       17     263E       0
                text21                             1784     1784       7C     2F08       0
                text19                             1368     1368       1B     26D0       0
                text18                             1F41     1F41        4     3E82       0
                text17                             1F85     1F85        B     3F0A       0
                text16                             13F4     13F4       1E     27E8       0
                text15                             1F67     1F67        8     3ECE       0
                text14                             130B     130B       14     2616       0
                text13                             1FEE     1FEE       12     3FDC       0
                text12                             13BA     13BA       1C     2774       0
                text11                              800      800       3B        8       0
                text10                             1383     1383       1B     2706       0
                text9                              1F45     1F45        5     3E8A       0
                text8                              1432     1432       25     2864       0
                text7                              1FA8     1FA8        D     3F50       0
                text6                              171C     171C       68     2E38       0
                text5                              12E6     12E6       12     25CC       0
                text4                               A2C      A2C       B7     1458       0
                text3                              1336     1336       17     266C       0
                text2                              1FB5     1FB5        D     3F6A       0
                text1                               7B9      7B9       47        8       0
                maintext                           14F5     14F5       41     29EA       0
                cstackBANK0                          20       20       46       20       1
                cstackCOMMON                         70       70        E       70       1
                cstackBANK1                          A0       A0       32       A0       1
                cstackBANK2                         120      120       26      120       1
                clrtext                            1F90     1F90        C     3F20       0
                inittext                           1F9C     1F9C        C     3F38       0
                dataBANK2                           146      146        D      120       1
                bssBANK2                            153      153        2      120       1
                bssBANK1                             D4       D4        2       A0       1
                bssBANK0                             66       66        1       20       1
                stringtext7                        2000     2000        E     4000       0
                nvBANK1                              D2       D2        2       A0       1
                stringtext6                        184F     184F       27     3000       0
                stringtext5                        1828     1828       27     3000       0
                stringtext4                        1800     1800       28     3000       0
                stringtext3                        11F4     11F4       F0     2000       0
                stringtext2                        1104     1104       F0     2000       0
                stringtext1                        1000     1000      104     2000       0
                idataBANK2                         1FC2     1FC2        D     3F84       0

TOTAL           Name                               Link     Load   Length     Space
        CLASS   STACK          

        CLASS   CODE           
                end_init                             14       14        2         0
                cinit                                16       16       23         0
                intentry                              4        4       10         0
                reset_vec                             0        0        3         0
                text53                             1F4A     1F4A        6         0
                text52                             1F50     1F50        7         0
                text51                             1F57     1F57        8         0
                text50                             16B8     16B8       64         0
                text49                             12F8     12F8       13         0
                text48                             1578     1578       45         0
                text47                             139E     139E       1C         0
                text46                             147F     147F       3B         0
                text45                             1412     1412       20         0
                text44                             1F6F     1F6F        B         0
                text43                             1F7A     1F7A        B         0
                text42                             1661     1661       57         0
                text41                             14BA     14BA       3B         0
                text40                             1F5F     1F5F        8         0
                text39                              BA9      BA9       F6         0
                text38                             13D6     13D6       1E         0
                text37                              83B      83B       87         0
                text36                             15BD     15BD       52         0
                text35                             1536     1536       42         0
                text34                             1457     1457       28         0
                text33                              C9F      C9F      11D         0
                text32                              976      976       B6         0
                text31                             160F     160F       52         0
                text30                              8C2      8C2       B4         0
                text29                              654      654      165         0
                text28                             1FCF     1FCF        E         0
                text27                              DBC      DBC      244         0
                text26                               39       39      61B         0
                text25                             134D     134D       1B         0
                text24                             1FDD     1FDD       11         0
                text23                              AE3      AE3       C6         0
                text22                             131F     131F       17         0
                text21                             1784     1784       7C         0
                text19                             1368     1368       1B         0
                text18                             1F41     1F41        4         0
                text17                             1F85     1F85        B         0
                text16                             13F4     13F4       1E         0
                text15                             1F67     1F67        8         0
                text14                             130B     130B       14         0
                text13                             1FEE     1FEE       12         0
                text12                             13BA     13BA       1C         0
                text11                              800      800       3B         0
                text10                             1383     1383       1B         0
                text9                              1F45     1F45        5         0
                text8                              1432     1432       25         0
                text7                              1FA8     1FA8        D         0
                text6                              171C     171C       68         0
                text5                              12E6     12E6       12         0
                text4                               A2C      A2C       B7         0
                text3                              1336     1336       17         0
                text2                              1FB5     1FB5        D         0
                text1                               7B9      7B9       47         0
                maintext                           14F5     14F5       41         0
                clrtext                            1F90     1F90        C         0
                inittext                           1F9C     1F9C        C         0
                idataBANK2                         1FC2     1FC2        D         0

        CLASS   STRCODE        
                stringtext7                        2000     2000        E         0
                stringtext6                        184F     184F       27         0
                stringtext5                        1828     1828       27         0
                stringtext4                        1800     1800       28         0
                stringtext3                        11F4     11F4       F0         0
                stringtext2                        1104     1104       F0         0
                stringtext1                        1000     1000      104         0

        CLASS   STRING         

        CLASS   CONST          

        CLASS   ENTRY          

        CLASS   COMMON         
                cstackCOMMON                         70       70        E         1

        CLASS   BANK0          
                cstackBANK0                          20       20       46         1
                bssBANK0                             66       66        1         1

        CLASS   BANK1          
                cstackBANK1                          A0       A0       32         1
                bssBANK1                             D4       D4        2         1
                nvBANK1                              D2       D2        2         1

        CLASS   BANK2          
                cstackBANK2                         120      120       26         1
                dataBANK2                           146      146        D         1
                bssBANK2                            153      153        2         1

        CLASS   BANK3          

        CLASS   BANK4          

        CLASS   BANK5          

        CLASS   BANK6          

        CLASS   BANK7          

        CLASS   BANK8          

        CLASS   BANK9          

        CLASS   BANK10         

        CLASS   BANK11         

        CLASS   BANK12         

        CLASS   BANK13         

        CLASS   BANK14         

        CLASS   BANK15         

        CLASS   BANK16         

        CLASS   BANK17         

        CLASS   BANK18         

        CLASS   BANK19         

        CLASS   BANK20         

        CLASS   BANK21         

        CLASS   BANK22         

        CLASS   BANK23         

        CLASS   BANK24         

        CLASS   BANK25         

        CLASS   BIGRAM         

        CLASS   RAM            

        CLASS   ABS1           
                abs_s1                               7E       7E        2         1
                abs_s1                              9A8      9A8       48         1
                abs_s1                              A20      A20       50         1
                abs_s1                              AA0      AA0       50         1
                abs_s1                              B20      B20       50         1
                abs_s1                              BA0      BA0       50         1
                abs_s1                              C20      C20       50         1
                abs_s1                              CA0      CA0       20         1
                abs_s1                             25F8     25F8        0         1

        CLASS   SFR0           

        CLASS   SFR1           

        CLASS   SFR2           

        CLASS   SFR3           

        CLASS   SFR4           

        CLASS   SFR5           

        CLASS   SFR6           

        CLASS   SFR7           

        CLASS   SFR8           

        CLASS   SFR9           

        CLASS   SFR10          

        CLASS   SFR11          

        CLASS   SFR12          

        CLASS   SFR13          

        CLASS   SFR14          

        CLASS   SFR15          

        CLASS   SFR16          

        CLASS   SFR17          

        CLASS   SFR18          

        CLASS   SFR19          

        CLASS   SFR20          

        CLASS   SFR21          

        CLASS   SFR22          

        CLASS   SFR23          

        CLASS   SFR24          

        CLASS   SFR25          

        CLASS   SFR26          

        CLASS   SFR27          

        CLASS   SFR28          

        CLASS   SFR29          

        CLASS   SFR30          

        CLASS   SFR31          

        CLASS   SFR32          

        CLASS   SFR33          

        CLASS   SFR34          

        CLASS   SFR35          

        CLASS   SFR36          

        CLASS   SFR37          

        CLASS   SFR38          

        CLASS   SFR39          

        CLASS   SFR40          

        CLASS   SFR41          

        CLASS   SFR42          

        CLASS   SFR43          

        CLASS   SFR44          

        CLASS   SFR45          

        CLASS   SFR46          

        CLASS   SFR47          

        CLASS   SFR48          

        CLASS   SFR49          

        CLASS   SFR50          

        CLASS   SFR51          

        CLASS   SFR52          

        CLASS   SFR53          

        CLASS   SFR54          

        CLASS   SFR55          

        CLASS   SFR56          

        CLASS   SFR57          

        CLASS   SFR58          

        CLASS   SFR59          

        CLASS   SFR60          

        CLASS   SFR61          

        CLASS   SFR62          

        CLASS   SFR63          

        CLASS   CONFIG         
                config                             8007     8007        5         0

        CLASS   IDLOC          

        CLASS   EEDATA         

        CLASS   BANK63         

        CLASS   BANK62         

        CLASS   BANK61         

        CLASS   BANK60         

        CLASS   BANK59         

        CLASS   BANK58         

        CLASS   BANK57         

        CLASS   BANK56         

        CLASS   BANK55         

        CLASS   BANK54         

        CLASS   BANK53         

        CLASS   BANK52         

        CLASS   BANK51         

        CLASS   BANK50         

        CLASS   BANK49         

        CLASS   BANK48         

        CLASS   BANK47         

        CLASS   BANK46         

        CLASS   BANK45         

        CLASS   BANK44         

        CLASS   BANK43         

        CLASS   BANK42         

        CLASS   BANK41         

        CLASS   BANK40         

        CLASS   BANK39         

        CLASS   BANK38         

        CLASS   BANK37         

        CLASS   BANK36         

        CLASS   BANK35         

        CLASS   BANK34         

        CLASS   BANK33         

        CLASS   BANK32         

        CLASS   BANK31         

        CLASS   BANK30         

        CLASS   BANK29         

        CLASS   BANK28         

        CLASS   BANK27         

        CLASS   BANK26         



SEGMENTS        Name                           Load    Length   Top    Selector   Space  Class     Delta

                reset_vec                      000000  000003  000003         0       0  CODE        2
                intentry                       000004  000837  00083B         8       0  CODE        2
                cstackBANK0                    000020  000047  000067        20       1  BANK0       1
                cstackCOMMON                   000070  00000E  00007E        70       1  COMMON      1
                cstackBANK1                    0000A0  000036  0000D6        A0       1  BANK1       1
                cstackBANK2                    000120  000035  000155       120       1  BANK2       1
                text37                         00083B  000087  0008C2      1076       0  CODE        2
                text30                         0008C2  0000B4  000976      1184       0  CODE        2
                text32                         000976  0000B6  000A2C      12EC       0  CODE        2
                text4                          000A2C  0000B7  000AE3      1458       0  CODE        2
                text23                         000AE3  0000C6  000BA9      15C6       0  CODE        2
                text39                         000BA9  0000F6  000C9F      1752       0  CODE        2
                text33                         000C9F  00011D  000DBC      193E       0  CODE        2
                text27                         000DBC  000244  001000      1B78       0  CODE        2
                stringtext1                    001000  0002E4  0012E4      2000       0  STRCODE     2
                text5                          0012E6  000012  0012F8      25CC       0  CODE        2
                text49                         0012F8  000013  00130B      25F0       0  CODE        2
                text14                         00130B  000014  00131F      2616       0  CODE        2
                text22                         00131F  000017  001336      263E       0  CODE        2
                text3                          001336  000017  00134D      266C       0  CODE        2
                text25                         00134D  00001B  001368      269A       0  CODE        2
                text19                         001368  00001B  001383      26D0       0  CODE        2
                text10                         001383  00001B  00139E      2706       0  CODE        2
                text47                         00139E  00001C  0013BA      273C       0  CODE        2
                text12                         0013BA  00001C  0013D6      2774       0  CODE        2
                text38                         0013D6  00001E  0013F4      27AC       0  CODE        2
                text16                         0013F4  00001E  001412      27E8       0  CODE        2
                text45                         001412  000020  001432      2824       0  CODE        2
                text8                          001432  000025  001457      2864       0  CODE        2
                text34                         001457  000028  00147F      28AE       0  CODE        2
                text46                         00147F  00003B  0014BA      28FE       0  CODE        2
                text41                         0014BA  00003B  0014F5      2974       0  CODE        2
                maintext                       0014F5  000041  001536      29EA       0  CODE        2
                text35                         001536  000042  001578      2A6C       0  CODE        2
                text48                         001578  000045  0015BD      2AF0       0  CODE        2
                text36                         0015BD  000052  00160F      2B7A       0  CODE        2
                text31                         00160F  000052  001661      2C1E       0  CODE        2
                text42                         001661  000057  0016B8      2CC2       0  CODE        2
                text50                         0016B8  000064  00171C      2D70       0  CODE        2
                text6                          00171C  000068  001784      2E38       0  CODE        2
                text21                         001784  00007C  001800      2F08       0  CODE        2
                stringtext4                    001800  000076  001876      3000       0  STRCODE     2
                text18                         001F41  000004  001F45      3E82       0  CODE        2
                text9                          001F45  000005  001F4A      3E8A       0  CODE        2
                text53                         001F4A  000006  001F50      3E94       0  CODE        2
                text52                         001F50  000007  001F57      3EA0       0  CODE        2
                text51                         001F57  000008  001F5F      3EAE       0  CODE        2
                text40                         001F5F  000008  001F67      3EBE       0  CODE        2
                text15                         001F67  000008  001F6F      3ECE       0  CODE        2
                text44                         001F6F  00000B  001F7A      3EDE       0  CODE        2
                text43                         001F7A  00000B  001F85      3EF4       0  CODE        2
                text17                         001F85  00000B  001F90      3F0A       0  CODE        2
                clrtext                        001F90  00000C  001F9C      3F20       0  CODE        2
                inittext                       001F9C  00000C  001FA8      3F38       0  CODE        2
                text7                          001FA8  00000D  001FB5      3F50       0  CODE        2
                text2                          001FB5  00000D  001FC2      3F6A       0  CODE        2
                idataBANK2                     001FC2  00000D  001FCF      3F84       0  CODE        2
                text28                         001FCF  00000E  001FDD      3F9E       0  CODE        2
                text24                         001FDD  000011  001FEE      3FBA       0  CODE        2
                text13                         001FEE  000012  002000      3FDC       0  CODE        2
                stringtext7                    002000  00000E  00200E      4000       0  STRCODE     2
                config                         008007  000005  00800C     1000E       0  CONFIG      2


UNUSED ADDRESS RANGES

        Name                Unused          Largest block    Delta
        BANK0            00067-0006F               9           1
        BANK1            000D6-000EF              1A           1
        BANK10           00520-0056F              50           1
        BANK11           005A0-005EF              50           1
        BANK12           00620-0066F              50           1
        BANK13           006A0-006EF              50           1
        BANK14           00720-0076F              50           1
        BANK15           007A0-007EF              50           1
        BANK16           00820-0086F              50           1
        BANK17           008A0-008EF              50           1
        BANK18           00920-0096F              50           1
        BANK19           009A0-009A7               8           1
        BANK2            00155-0016F              1B           1
        BANK3            001A0-001EF              50           1
        BANK4            00220-0026F              50           1
        BANK5            002A0-002EF              50           1
        BANK6            00320-0036F              50           1
        BANK7            003A0-003EF              50           1
        BANK8            00420-0046F              50           1
        BANK9            004A0-004EF              50           1
        BIGRAM           02000-027EF             7F0           1
        CODE             00003-00003               1           2
                         012E4-012E5               2
                         01876-01F40             6CB
                         0200E-03FFF             800
        CONST            00003-00003               1           2
                         012E4-012E5               2
                         01876-01F40             100
                         0200E-03FFF             100
        EEDATA           0F000-0F0FF             100           2
        ENTRY            00003-00003               1           2
                         012E4-012E5               2
                         01876-01F40             100
                         0200E-03FFF             100
        IDLOC            08000-08003               4           2
        RAM              00067-0006F               9           1
                         000D6-000EF              1A
                         00155-0016F              1B
                         001A0-001EF              50
                         00220-0026F              50
                         002A0-002EF              50
                         00320-0036F              50
                         003A0-003EF              50
                         00420-0046F              50
                         004A0-004EF              50
                         00520-0056F              50
                         005A0-005EF              50
                         00620-0066F              50
                         006A0-006EF              50
                         00720-0076F              50
                         007A0-007EF              50
                         00820-0086F              50
                         008A0-008EF              50
                         00920-0096F              50
                         009A0-009A7               8
        SFR0             00000-0001F              20           1
        SFR1             00080-0009F              20           1
        SFR10            00500-0051F              20           1
        SFR11            00580-0059F              20           1
        SFR12            00600-0061F              20           1
        SFR13            00680-0069F              20           1
        SFR14            00700-0071F              20           1
        SFR15            00780-0079F              20           1
        SFR16            00800-0081F              20           1
        SFR17            00880-0089F              20           1
        SFR18            00900-0091F              20           1
        SFR19            00980-0099F              20           1
        SFR2             00100-0011F              20           1
        SFR20            00A00-00A1F              20           1
        SFR21            00A80-00A9F              20           1
        SFR22            00B00-00B1F              20           1
        SFR23            00B80-00B9F              20           1
        SFR24            00C00-00C1F              20           1
        SFR25            00C80-00C9F              20           1
        SFR26            00D00-00D6F              70           1
        SFR27            00D80-00DEF              70           1
        SFR28            00E00-00E6F              70           1
        SFR29            00E80-00EEF              70           1
        SFR3             00180-0019F              20           1
        SFR30            00F00-00F6F              70           1
        SFR31            00F80-00FEF              70           1
        SFR32            01000-0106F              70           1
        SFR33            01080-010EF              70           1
        SFR34            01100-0116F              70           1
        SFR35            01180-011EF              70           1
        SFR36            01200-0126F              70           1
        SFR37            01280-012EF              70           1
        SFR38            01300-0136F              70           1
        SFR39            01380-013EF              70           1
        SFR4             00200-0021F              20           1
        SFR40            01400-0146F              70           1
        SFR41            01480-014EF              70           1
        SFR42            01500-0156F              70           1
        SFR43            01580-015EF              70           1
        SFR44            01600-0166F              70           1
        SFR45            01680-016EF              70           1
        SFR46            01700-0176F              70           1
        SFR47            01780-017EF              70           1
        SFR48            01800-0186F              70           1
        SFR49            01880-018EF              70           1
        SFR5             00280-0029F              20           1
        SFR50            01900-0196F              70           1
        SFR51            01980-019EF              70           1
        SFR52            01A00-01A6F              70           1
        SFR53            01A80-01AEF              70           1
        SFR54            01B00-01B6F              70           1
        SFR55            01B80-01BEF              70           1
        SFR56            01C00-01C6F              70           1
        SFR57            01C80-01CEF              70           1
        SFR58            01D00-01D6F              70           1
        SFR59            01D80-01DEF              70           1
        SFR6             00300-0031F              20           1
        SFR60            01E00-01E6F              70           1
        SFR61            01E80-01EEF              70           1
        SFR62            01F00-01F6F              70           1
        SFR63            01F80-01FEF              70           1
        SFR7             00380-0039F              20           1
        SFR8             00400-0041F              20           1
        SFR9             00480-0049F              20           1
        STACK            020D5-025F7             523           1
        STRCODE          00003-00003               1           2
                         012E4-012E5               2
                         01876-01F40             6CB
                         0200E-03FFF            1FF2
        STRING           00003-00003               1           2
                         012E4-012E5               2
                         01876-01F40             100
                         0200E-03FFF             100

                                  Symbol Table

?_ADCC_GetConversionResult           cstackCOMMON 00070
?___awdiv                            cstackCOMMON 00077
?___awmod                            cstackCOMMON 00070
?___ftadd                            cstackBANK0  00046
?___ftmul                            cstackBANK0  00028
?___ftneg                            cstackCOMMON 00070
?___ftpack                           cstackCOMMON 00070
?___ftsub                            cstackBANK0  00053
?___fttol                            cstackBANK0  00038
?___lldiv                            cstackCOMMON 00070
?___llmod                            cstackCOMMON 00070
?___lltoft                           cstackCOMMON 00078
?___lwtoft                           cstackCOMMON 00078
?___wmul                             cstackBANK2  00120
?__div_to_l_                         cstackCOMMON 00070
?__tdiv_to_l_                        cstackCOMMON 00070
?_fround                             cstackBANK0  00038
?_scale                              cstackBANK0  00038
?_sprintf                            cstackBANK0  00059
?i1___wmul                           cstackBANK0  00024
ADCC_StartConversion@channel         cstackCOMMON 00070
TMR0_ISR@convertedValue              cstackBANK1  000D0
TMR0_ISR@sbuf                        cstackBANK1  000B9
_ADACCH                              (abs)        00097
_ADACCL                              (abs)        00096
_ADACCU                              (abs)        00098
_ADACQH                              (abs)        0010D
_ADACQL                              (abs)        0010C
_ADACT                               (abs)        00117
_ADCACTPPSbits                       (abs)        01EC3
_ADCAP                               (abs)        0010E
_ADCC_GetConversionResult            text53       01F4A
_ADCC_Initialize                     text19       01368
_ADCC_IsConversionDone               text52       01F50
_ADCC_StartConversion                text51       01F57
_ADCLK                               (abs)        00118
_ADCNT                               (abs)        00099
_ADCON0                              (abs)        00111
_ADCON0bits                          (abs)        00111
_ADCON1                              (abs)        00112
_ADCON1bits                          (abs)        00112
_ADCON2                              (abs)        00113
_ADCON2bits                          (abs)        00113
_ADCON3                              (abs)        00114
_ADCON3bits                          (abs)        00114
_ADERRH                              (abs)        00091
_ADERRL                              (abs)        00090
_ADFLTRH                             (abs)        00095
_ADFLTRL                             (abs)        00094
_ADLTHH                              (abs)        0008D
_ADLTHL                              (abs)        0008C
_ADPCH                               (abs)        0009F
_ADPREH                              (abs)        00110
_ADPREL                              (abs)        0010F
_ADPREVH                             (abs)        0009C
_ADPREVL                             (abs)        0009B
_ADREF                               (abs)        00116
_ADRESH                              (abs)        0009E
_ADRESL                              (abs)        0009D
_ADRPT                               (abs)        0009A
_ADSTAT                              (abs)        00115
_ADSTATbits                          (abs)        00115
_ADSTPTH                             (abs)        00093
_ADSTPTL                             (abs)        00092
_ADUTHH                              (abs)        0008F
_ADUTHL                              (abs)        0008E
_ANSELA                              (abs)        01F38
_ANSELB                              (abs)        01F43
_ANSELC                              (abs)        01F4E
_FVRCON                              (abs)        0090C
_FVRCONbits                          (abs)        0090C
_FVR_Initialize                      text18       01F41
_Font10x12                           stringtext1  01000
_INTCONbits                          (abs)        0000B
_INTERRUPT_InterruptManager          intentry     00004
_LATA                                (abs)        00018
_LATB                                (abs)        00019
_LATBbits                            (abs)        00019
_LATC                                (abs)        0001A
_LATCbits                            (abs)        0001A
_LCD_contrast                        bssBANK0     00066
_ODCONA                              (abs)        01F3A
_ODCONB                              (abs)        01F45
_ODCONC                              (abs)        01F50
_OSCCON1                             (abs)        0088D
_OSCCON3                             (abs)        0088F
_OSCEN                               (abs)        00891
_OSCFRQ                              (abs)        00893
_OSCILLATOR_Initialize               text17       01F85
_OSCSTAT                             (abs)        00890
_OSCTUNE                             (abs)        00892
_PIE0bits                            (abs)        00716
_PIN_MANAGER_Initialize              text16       013F4
_PIR0bits                            (abs)        0070C
_PMD0                                (abs)        00796
_PMD1                                (abs)        00797
_PMD2                                (abs)        00798
_PMD3                                (abs)        00799
_PMD4                                (abs)        0079A
_PMD5                                (abs)        0079B
_PMD_Initialize                      text15       01F67
_SYSTEM_Initialize                   text13       01FEE
_T0CON0                              (abs)        0059E
_T0CON0bits                          (abs)        0059E
_T0CON1                              (abs)        0059F
_TABLA1                              stringtext3  011F4
_TABLA2                              stringtext2  01104
_TMR0H                               (abs)        0059D
_TMR0L                               (abs)        0059C
_TMR0_ISR                            text21       01784
_TMR0_ISR$1453                       cstackBANK1  000CD
_TMR0_Initialize                     text14       0130B
_TRISA                               (abs)        00012
_TRISB                               (abs)        00013
_TRISC                               (abs)        00014
_WPUA                                (abs)        01F39
_WPUB                                (abs)        01F44
_WPUC                                (abs)        01F4F
_WPUE                                (abs)        01F65
__CFG_BBEN$OFF                       (abs)        00000
__CFG_BBSIZE$512                     (abs)        00000
__CFG_BOREN$ON                       (abs)        00000
__CFG_BORV$LO                        (abs)        00000
__CFG_CLKOUTEN$OFF                   (abs)        00000
__CFG_CP$OFF                         (abs)        00000
__CFG_CSWEN$ON                       (abs)        00000
__CFG_FCMEN$ON                       (abs)        00000
__CFG_FEXTOSC$OFF                    (abs)        00000
__CFG_LCDPEN$ON                      (abs)        00000
__CFG_LPBOREN$OFF                    (abs)        00000
__CFG_LVP$ON                         (abs)        00000
__CFG_MCLRE$ON                       (abs)        00000
__CFG_PPS1WAY$ON                     (abs)        00000
__CFG_PWRTE$OFF                      (abs)        00000
__CFG_RSTOSC$HFINT1                  (abs)        00000
__CFG_SAFEN$OFF                      (abs)        00000
__CFG_STVREN$ON                      (abs)        00000
__CFG_VBATEN$OFF                     (abs)        00000
__CFG_WDTCCS$SC                      (abs)        00000
__CFG_WDTCPS$WDTCPS_31               (abs)        00000
__CFG_WDTCWS$WDTCWS_7                (abs)        00000
__CFG_WDTE$OFF                       (abs)        00000
__CFG_WRTAPP$OFF                     (abs)        00000
__CFG_WRTB$OFF                       (abs)        00000
__CFG_WRTC$OFF                       (abs)        00000
__CFG_WRTD$OFF                       (abs)        00000
__CFG_WRTSAF$OFF                     (abs)        00000
__CFG_ZCD$OFF                        (abs)        00000
__Habs1                              abs1         00000
__Hbank0                             bank0        00000
__Hbank1                             bank1        00000
__Hbank10                            bank10       00000
__Hbank11                            bank11       00000
__Hbank12                            bank12       00000
__Hbank13                            bank13       00000
__Hbank14                            bank14       00000
__Hbank15                            bank15       00000
__Hbank16                            bank16       00000
__Hbank17                            bank17       00000
__Hbank18                            bank18       00000
__Hbank19                            bank19       00000
__Hbank2                             bank2        00000
__Hbank20                            bank20       00000
__Hbank21                            bank21       00000
__Hbank22                            bank22       00000
__Hbank23                            bank23       00000
__Hbank24                            bank24       00000
__Hbank25                            bank25       00000
__Hbank26                            bank26       00000
__Hbank27                            bank27       00000
__Hbank28                            bank28       00000
__Hbank29                            bank29       00000
__Hbank3                             bank3        00000
__Hbank30                            bank30       00000
__Hbank31                            bank31       00000
__Hbank32                            bank32       00000
__Hbank33                            bank33       00000
__Hbank34                            bank34       00000
__Hbank35                            bank35       00000
__Hbank36                            bank36       00000
__Hbank37                            bank37       00000
__Hbank38                            bank38       00000
__Hbank39                            bank39       00000
__Hbank4                             bank4        00000
__Hbank40                            bank40       00000
__Hbank41                            bank41       00000
__Hbank42                            bank42       00000
__Hbank43                            bank43       00000
__Hbank44                            bank44       00000
__Hbank45                            bank45       00000
__Hbank46                            bank46       00000
__Hbank47                            bank47       00000
__Hbank48                            bank48       00000
__Hbank49                            bank49       00000
__Hbank5                             bank5        00000
__Hbank50                            bank50       00000
__Hbank51                            bank51       00000
__Hbank52                            bank52       00000
__Hbank53                            bank53       00000
__Hbank54                            bank54       00000
__Hbank55                            bank55       00000
__Hbank56                            bank56       00000
__Hbank57                            bank57       00000
__Hbank58                            bank58       00000
__Hbank59                            bank59       00000
__Hbank6                             bank6        00000
__Hbank60                            bank60       00000
__Hbank61                            bank61       00000
__Hbank62                            bank62       00000
__Hbank63                            bank63       00000
__Hbank7                             bank7        00000
__Hbank8                             bank8        00000
__Hbank9                             bank9        00000
__Hbigram                            bigram       00000
__HbssBANK0                          bssBANK0     00000
__HbssBANK1                          bssBANK1     00000
__HbssBANK2                          bssBANK2     00000
__Hcinit                             cinit        00039
__Hclrtext                           clrtext      00000
__Hcode                              code         00000
__Hcommon                            common       00000
__Hconfig                            config       0800C
__HcstackBANK0                       cstackBANK0  00000
__HcstackBANK1                       cstackBANK1  00000
__HcstackBANK2                       cstackBANK2  00000
__HcstackCOMMON                      cstackCOMMON 00000
__HdataBANK2                         dataBANK2    00000
__Heeprom_data                       eeprom_data  00000
__Hend_init                          end_init     00016
__Hfunctab                           functab      00000
__HidataBANK2                        idataBANK2   00000
__Hidloc                             idloc        00000
__Hinit                              init         00014
__Hinittext                          inittext     00000
__Hintentry                          intentry     00014
__Hmaintext                          maintext     00000
__HnvBANK1                           nvBANK1      00000
__Hpowerup                           powerup      00000
__Hram                               ram          00000
__Hreset_vec                         reset_vec    00003
__Hsfr0                              sfr0         00000
__Hsfr1                              sfr1         00000
__Hsfr10                             sfr10        00000
__Hsfr11                             sfr11        00000
__Hsfr12                             sfr12        00000
__Hsfr13                             sfr13        00000
__Hsfr14                             sfr14        00000
__Hsfr15                             sfr15        00000
__Hsfr16                             sfr16        00000
__Hsfr17                             sfr17        00000
__Hsfr18                             sfr18        00000
__Hsfr19                             sfr19        00000
__Hsfr2                              sfr2         00000
__Hsfr20                             sfr20        00000
__Hsfr21                             sfr21        00000
__Hsfr22                             sfr22        00000
__Hsfr23                             sfr23        00000
__Hsfr24                             sfr24        00000
__Hsfr25                             sfr25        00000
__Hsfr26                             sfr26        00000
__Hsfr27                             sfr27        00000
__Hsfr28                             sfr28        00000
__Hsfr29                             sfr29        00000
__Hsfr3                              sfr3         00000
__Hsfr30                             sfr30        00000
__Hsfr31                             sfr31        00000
__Hsfr32                             sfr32        00000
__Hsfr33                             sfr33        00000
__Hsfr34                             sfr34        00000
__Hsfr35                             sfr35        00000
__Hsfr36                             sfr36        00000
__Hsfr37                             sfr37        00000
__Hsfr38                             sfr38        00000
__Hsfr39                             sfr39        00000
__Hsfr4                              sfr4         00000
__Hsfr40                             sfr40        00000
__Hsfr41                             sfr41        00000
__Hsfr42                             sfr42        00000
__Hsfr43                             sfr43        00000
__Hsfr44                             sfr44        00000
__Hsfr45                             sfr45        00000
__Hsfr46                             sfr46        00000
__Hsfr47                             sfr47        00000
__Hsfr48                             sfr48        00000
__Hsfr49                             sfr49        00000
__Hsfr5                              sfr5         00000
__Hsfr50                             sfr50        00000
__Hsfr51                             sfr51        00000
__Hsfr52                             sfr52        00000
__Hsfr53                             sfr53        00000
__Hsfr54                             sfr54        00000
__Hsfr55                             sfr55        00000
__Hsfr56                             sfr56        00000
__Hsfr57                             sfr57        00000
__Hsfr58                             sfr58        00000
__Hsfr59                             sfr59        00000
__Hsfr6                              sfr6         00000
__Hsfr60                             sfr60        00000
__Hsfr61                             sfr61        00000
__Hsfr62                             sfr62        00000
__Hsfr63                             sfr63        00000
__Hsfr7                              sfr7         00000
__Hsfr8                              sfr8         00000
__Hsfr9                              sfr9         00000
__Hspace_0                           (abs)        0800C
__Hspace_1                           (abs)        00155
__Hspace_2                           (abs)        00000
__Hspace_3                           (abs)        00000
__Hstack                             stack        00000
__Hstrings                           strings      00000
__Hstringtext1                       stringtext1  00000
__Hstringtext2                       stringtext2  00000
__Hstringtext3                       stringtext3  00000
__Hstringtext4                       stringtext4  00000
__Hstringtext5                       stringtext5  00000
__Hstringtext6                       stringtext6  00000
__Hstringtext7                       stringtext7  00000
__Hstringtext8                       stringtext8  00000
__Htext                              text         00000
__Labs1                              abs1         00000
__Lbank0                             bank0        00000
__Lbank1                             bank1        00000
__Lbank10                            bank10       00000
__Lbank11                            bank11       00000
__Lbank12                            bank12       00000
__Lbank13                            bank13       00000
__Lbank14                            bank14       00000
__Lbank15                            bank15       00000
__Lbank16                            bank16       00000
__Lbank17                            bank17       00000
__Lbank18                            bank18       00000
__Lbank19                            bank19       00000
__Lbank2                             bank2        00000
__Lbank20                            bank20       00000
__Lbank21                            bank21       00000
__Lbank22                            bank22       00000
__Lbank23                            bank23       00000
__Lbank24                            bank24       00000
__Lbank25                            bank25       00000
__Lbank26                            bank26       00000
__Lbank27                            bank27       00000
__Lbank28                            bank28       00000
__Lbank29                            bank29       00000
__Lbank3                             bank3        00000
__Lbank30                            bank30       00000
__Lbank31                            bank31       00000
__Lbank32                            bank32       00000
__Lbank33                            bank33       00000
__Lbank34                            bank34       00000
__Lbank35                            bank35       00000
__Lbank36                            bank36       00000
__Lbank37                            bank37       00000
__Lbank38                            bank38       00000
__Lbank39                            bank39       00000
__Lbank4                             bank4        00000
__Lbank40                            bank40       00000
__Lbank41                            bank41       00000
__Lbank42                            bank42       00000
__Lbank43                            bank43       00000
__Lbank44                            bank44       00000
__Lbank45                            bank45       00000
__Lbank46                            bank46       00000
__Lbank47                            bank47       00000
__Lbank48                            bank48       00000
__Lbank49                            bank49       00000
__Lbank5                             bank5        00000
__Lbank50                            bank50       00000
__Lbank51                            bank51       00000
__Lbank52                            bank52       00000
__Lbank53                            bank53       00000
__Lbank54                            bank54       00000
__Lbank55                            bank55       00000
__Lbank56                            bank56       00000
__Lbank57                            bank57       00000
__Lbank58                            bank58       00000
__Lbank59                            bank59       00000
__Lbank6                             bank6        00000
__Lbank60                            bank60       00000
__Lbank61                            bank61       00000
__Lbank62                            bank62       00000
__Lbank63                            bank63       00000
__Lbank7                             bank7        00000
__Lbank8                             bank8        00000
__Lbank9                             bank9        00000
__Lbigram                            bigram       00000
__LbssBANK0                          bssBANK0     00000
__LbssBANK1                          bssBANK1     00000
__LbssBANK2                          bssBANK2     00000
__Lcinit                             cinit        00016
__Lclrtext                           clrtext      00000
__Lcode                              code         00000
__Lcommon                            common       00000
__Lconfig                            config       08007
__LcstackBANK0                       cstackBANK0  00000
__LcstackBANK1                       cstackBANK1  00000
__LcstackBANK2                       cstackBANK2  00000
__LcstackCOMMON                      cstackCOMMON 00000
__LdataBANK2                         dataBANK2    00000
__Leeprom_data                       eeprom_data  00000
__Lend_init                          end_init     00014
__Lfunctab                           functab      00000
__LidataBANK2                        idataBANK2   00000
__Lidloc                             idloc        00000
__Linit                              init         00014
__Linittext                          inittext     00000
__Lintentry                          intentry     00004
__Lmaintext                          maintext     00000
__LnvBANK1                           nvBANK1      00000
__Lpowerup                           powerup      00000
__Lram                               ram          00000
__Lreset_vec                         reset_vec    00000
__Lsfr0                              sfr0         00000
__Lsfr1                              sfr1         00000
__Lsfr10                             sfr10        00000
__Lsfr11                             sfr11        00000
__Lsfr12                             sfr12        00000
__Lsfr13                             sfr13        00000
__Lsfr14                             sfr14        00000
__Lsfr15                             sfr15        00000
__Lsfr16                             sfr16        00000
__Lsfr17                             sfr17        00000
__Lsfr18                             sfr18        00000
__Lsfr19                             sfr19        00000
__Lsfr2                              sfr2         00000
__Lsfr20                             sfr20        00000
__Lsfr21                             sfr21        00000
__Lsfr22                             sfr22        00000
__Lsfr23                             sfr23        00000
__Lsfr24                             sfr24        00000
__Lsfr25                             sfr25        00000
__Lsfr26                             sfr26        00000
__Lsfr27                             sfr27        00000
__Lsfr28                             sfr28        00000
__Lsfr29                             sfr29        00000
__Lsfr3                              sfr3         00000
__Lsfr30                             sfr30        00000
__Lsfr31                             sfr31        00000
__Lsfr32                             sfr32        00000
__Lsfr33                             sfr33        00000
__Lsfr34                             sfr34        00000
__Lsfr35                             sfr35        00000
__Lsfr36                             sfr36        00000
__Lsfr37                             sfr37        00000
__Lsfr38                             sfr38        00000
__Lsfr39                             sfr39        00000
__Lsfr4                              sfr4         00000
__Lsfr40                             sfr40        00000
__Lsfr41                             sfr41        00000
__Lsfr42                             sfr42        00000
__Lsfr43                             sfr43        00000
__Lsfr44                             sfr44        00000
__Lsfr45                             sfr45        00000
__Lsfr46                             sfr46        00000
__Lsfr47                             sfr47        00000
__Lsfr48                             sfr48        00000
__Lsfr49                             sfr49        00000
__Lsfr5                              sfr5         00000
__Lsfr50                             sfr50        00000
__Lsfr51                             sfr51        00000
__Lsfr52                             sfr52        00000
__Lsfr53                             sfr53        00000
__Lsfr54                             sfr54        00000
__Lsfr55                             sfr55        00000
__Lsfr56                             sfr56        00000
__Lsfr57                             sfr57        00000
__Lsfr58                             sfr58        00000
__Lsfr59                             sfr59        00000
__Lsfr6                              sfr6         00000
__Lsfr60                             sfr60        00000
__Lsfr61                             sfr61        00000
__Lsfr62                             sfr62        00000
__Lsfr63                             sfr63        00000
__Lsfr7                              sfr7         00000
__Lsfr8                              sfr8         00000
__Lsfr9                              sfr9         00000
__Lspace_0                           (abs)        00000
__Lspace_1                           (abs)        00000
__Lspace_2                           (abs)        00000
__Lspace_3                           (abs)        00000
__Lstack                             stack        00000
__Lstrings                           strings      00000
__Lstringtext1                       stringtext1  00000
__Lstringtext2                       stringtext2  00000
__Lstringtext3                       stringtext3  00000
__Lstringtext4                       stringtext4  00000
__Lstringtext5                       stringtext5  00000
__Lstringtext6                       stringtext6  00000
__Lstringtext7                       stringtext7  00000
__Lstringtext8                       stringtext8  00000
__Ltext                              text         00000
__S0                                 (abs)        0800C
__S1                                 (abs)        00155
__S2                                 (abs)        00000
__S3                                 (abs)        00000
___awdiv                             text31       0160F
___awdiv@counter                     cstackBANK0  00020
___awdiv@dividend                    cstackCOMMON 00079
___awdiv@divisor                     cstackCOMMON 00077
___awdiv@quotient                    cstackBANK0  00022
___awdiv@sign                        cstackBANK0  00021
___awmod                             text48       01578
___awmod@counter                     cstackCOMMON 00075
___awmod@dividend                    cstackCOMMON 00072
___awmod@divisor                     cstackCOMMON 00070
___awmod@sign                        cstackCOMMON 00076
___bmul                              text5        012E6
___bmul@multiplicand                 cstackBANK2  00120
___bmul@multiplier                   cstackBANK2  00123
___bmul@product                      cstackBANK2  00122
___ftadd                             text39       00BA9
___ftadd@exp1                        cstackBANK0  00052
___ftadd@exp2                        cstackBANK0  00051
___ftadd@f1                          cstackBANK0  00046
___ftadd@f2                          cstackBANK0  00049
___ftadd@sign                        cstackBANK0  00050
___ftge                              text41       014BA
___ftge@ff1                          cstackCOMMON 00070
___ftge@ff2                          cstackCOMMON 00073
___ftmul                             text30       008C2
___ftmul@cntr                        cstackBANK0  00036
___ftmul@exp                         cstackBANK0  00032
___ftmul@f1                          cstackBANK0  00028
___ftmul@f2                          cstackBANK0  0002B
___ftmul@f3_as_product               cstackBANK0  00033
___ftmul@sign                        cstackBANK0  00037
___ftneg                             text40       01F5F
___ftneg@f1                          cstackCOMMON 00070
___ftpack                            text50       016B8
___ftpack@arg                        cstackCOMMON 00070
___ftpack@exp                        cstackCOMMON 00073
___ftpack@sign                       cstackCOMMON 00074
___ftsub                             text38       013D6
___ftsub@f1                          cstackBANK0  00056
___ftsub@f2                          cstackBANK0  00053
___fttol                             text37       0083B
___fttol@exp1                        cstackBANK0  00045
___fttol@f1                          cstackBANK0  00038
___fttol@lval                        cstackBANK0  00041
___fttol@sign1                       cstackBANK0  00040
___int_sp                            stack        00000
___latbits                           (abs)        00003
___lldiv                             text36       015BD
___lldiv@counter                     cstackCOMMON 0007D
___lldiv@dividend                    cstackCOMMON 00074
___lldiv@divisor                     cstackCOMMON 00070
___lldiv@quotient                    cstackCOMMON 00079
___llmod                             text35       01536
___llmod@counter                     cstackCOMMON 00079
___llmod@dividend                    cstackCOMMON 00074
___llmod@divisor                     cstackCOMMON 00070
___lltoft                            text34       01457
___lltoft@c                          cstackCOMMON 00078
___lltoft@exp                        cstackCOMMON 0007D
___lwtoft                            text49       012F8
___lwtoft@c                          cstackCOMMON 00078
___sp                                stack        00000
___wmul                              text12       013BA
___wmul@multiplicand                 cstackBANK2  00122
___wmul@multiplier                   cstackBANK2  00120
___wmul@product                      cstackBANK2  00124
__div_to_l_                          text33       00C9F
__div_to_l_@cntr                     cstackBANK0  00024
__div_to_l_@exp1                     cstackBANK0  00025
__div_to_l_@f1                       cstackCOMMON 00070
__div_to_l_@f2                       cstackCOMMON 00073
__div_to_l_@quot                     cstackBANK0  00020
__end_of_ADCC_GetConversionResult    text53       01F50
__end_of_ADCC_Initialize             text19       01383
__end_of_ADCC_IsConversionDone       text52       01F57
__end_of_ADCC_StartConversion        text51       01F5F
__end_of_FVR_Initialize              text18       01F45
__end_of_Font10x12                   stringtext1  01104
__end_of_INTERRUPT_InterruptManager  intentry     00014
__end_of_OSCILLATOR_Initialize       text17       01F90
__end_of_PIN_MANAGER_Initialize      text16       01412
__end_of_PMD_Initialize              text15       01F6F
__end_of_SYSTEM_Initialize           text13       02000
__end_of_TABLA1                      stringtext3  012E4
__end_of_TABLA2                      stringtext2  011F4
__end_of_TMR0_ISR                    text21       01800
__end_of_TMR0_Initialize             text14       0131F
__end_of___awdiv                     text31       01661
__end_of___awmod                     text48       015BD
__end_of___bmul                      text5        012F8
__end_of___ftadd                     text39       00C9F
__end_of___ftge                      text41       014F5
__end_of___ftmul                     text30       00976
__end_of___ftneg                     text40       01F67
__end_of___ftpack                    text50       0171C
__end_of___ftsub                     text38       013F4
__end_of___fttol                     text37       008C2
__end_of___lldiv                     text36       0160F
__end_of___llmod                     text35       01578
__end_of___lltoft                    text34       0147F
__end_of___lwtoft                    text49       0130B
__end_of___wmul                      text12       013D6
__end_of__div_to_l_                  text33       00DBC
__end_of__initialization             cinit        00035
__end_of__npowers_                   stringtext6  01876
__end_of__powers_                    stringtext5  0184F
__end_of__tdiv_to_l_                 text32       00A2C
__end_of_dpowers                     stringtext4  01828
__end_of_fround                      text29       007B9
__end_of_isdigit                     text28       01FDD
__end_of_main                        maintext     01536
__end_of_nokia_clean_buffer          text11       0083B
__end_of_nokia_clean_line            text46       014BA
__end_of_nokia_delay                 text9        01F4A
__end_of_nokia_gotoxy                text10       0139E
__end_of_nokia_init                  text6        01784
__end_of_nokia_printchar             text4        00AE3
__end_of_nokia_printstr              text3        0134D
__end_of_nokia_refresh               text1        00800
__end_of_nokia_refresh_line          text42       016B8
__end_of_nokia_write_command         text7        01FB5
__end_of_nokia_write_data            text2        01FC2
__end_of_nokia_write_dorc            text8        01457
__end_of_scale                       text27       01000
__end_of_sprintf                     text26       00654
__end_ofi1___bmul                    text24       01FEE
__end_ofi1___wmul                    text47       013BA
__end_ofi1_nokia_gotoxy              text25       01368
__end_ofi1_nokia_printchar           text23       00BA9
__end_ofi1_nokia_printstr            text22       01336
__end_ofi1_nokia_write_command       text44       01F7A
__end_ofi1_nokia_write_data          text43       01F85
__end_ofi1_nokia_write_dorc          text45       01432
__initialization                     cinit        00016
__npowers_                           stringtext6  0184F
__pbssBANK0                          bssBANK0     00066
__pbssBANK1                          bssBANK1     000D4
__pbssBANK2                          bssBANK2     00153
__pbssBIGRAM                         (abs)        025F8
__pcstackBANK0                       cstackBANK0  00020
__pcstackBANK1                       cstackBANK1  000A0
__pcstackBANK2                       cstackBANK2  00120
__pcstackCOMMON                      cstackCOMMON 00070
__pdataBANK2                         dataBANK2    00146
__pidataBANK2                        idataBANK2   01FC2
__pintentry                          intentry     00004
__pmaintext                          maintext     014F5
__pnvBANK1                           nvBANK1      000D2
__powers_                            stringtext5  01828
__pstringtext1                       stringtext1  01000
__pstringtext2                       stringtext2  01104
__pstringtext3                       stringtext3  011F4
__pstringtext4                       stringtext4  01800
__pstringtext5                       stringtext5  01828
__pstringtext6                       stringtext6  0184F
__pstringtext7                       stringtext7  02000
__pstringtext8                       stringtext8  00000
__ptext1                             text1        007B9
__ptext10                            text10       01383
__ptext11                            text11       00800
__ptext12                            text12       013BA
__ptext13                            text13       01FEE
__ptext14                            text14       0130B
__ptext15                            text15       01F67
__ptext16                            text16       013F4
__ptext17                            text17       01F85
__ptext18                            text18       01F41
__ptext19                            text19       01368
__ptext2                             text2        01FB5
__ptext21                            text21       01784
__ptext22                            text22       0131F
__ptext23                            text23       00AE3
__ptext24                            text24       01FDD
__ptext25                            text25       0134D
__ptext26                            text26       00039
__ptext27                            text27       00DBC
__ptext28                            text28       01FCF
__ptext29                            text29       00654
__ptext3                             text3        01336
__ptext30                            text30       008C2
__ptext31                            text31       0160F
__ptext32                            text32       00976
__ptext33                            text33       00C9F
__ptext34                            text34       01457
__ptext35                            text35       01536
__ptext36                            text36       015BD
__ptext37                            text37       0083B
__ptext38                            text38       013D6
__ptext39                            text39       00BA9
__ptext4                             text4        00A2C
__ptext40                            text40       01F5F
__ptext41                            text41       014BA
__ptext42                            text42       01661
__ptext43                            text43       01F7A
__ptext44                            text44       01F6F
__ptext45                            text45       01412
__ptext46                            text46       0147F
__ptext47                            text47       0139E
__ptext48                            text48       01578
__ptext49                            text49       012F8
__ptext5                             text5        012E6
__ptext50                            text50       016B8
__ptext51                            text51       01F57
__ptext52                            text52       01F50
__ptext53                            text53       01F4A
__ptext6                             text6        0171C
__ptext7                             text7        01FA8
__ptext8                             text8        01432
__ptext9                             text9        01F45
__size_of_ADCC_GetConversionResult   (abs)        00000
__size_of_ADCC_Initialize            (abs)        00000
__size_of_ADCC_IsConversionDone      (abs)        00000
__size_of_ADCC_StartConversion       (abs)        00000
__size_of_FVR_Initialize             (abs)        00000
__size_of_INTERRUPT_InterruptManager (abs)        00000
__size_of_OSCILLATOR_Initialize      (abs)        00000
__size_of_PIN_MANAGER_Initialize     (abs)        00000
__size_of_PMD_Initialize             (abs)        00000
__size_of_SYSTEM_Initialize          (abs)        00000
__size_of_TMR0_ISR                   (abs)        00000
__size_of_TMR0_Initialize            (abs)        00000
__size_of___awdiv                    (abs)        00000
__size_of___awmod                    (abs)        00000
__size_of___bmul                     (abs)        00000
__size_of___ftadd                    (abs)        00000
__size_of___ftge                     (abs)        00000
__size_of___ftmul                    (abs)        00000
__size_of___ftneg                    (abs)        00000
__size_of___ftpack                   (abs)        00000
__size_of___ftsub                    (abs)        00000
__size_of___fttol                    (abs)        00000
__size_of___lldiv                    (abs)        00000
__size_of___llmod                    (abs)        00000
__size_of___lltoft                   (abs)        00000
__size_of___lwtoft                   (abs)        00000
__size_of___wmul                     (abs)        00000
__size_of__div_to_l_                 (abs)        00000
__size_of__tdiv_to_l_                (abs)        00000
__size_of_fround                     (abs)        00000
__size_of_isdigit                    (abs)        00000
__size_of_main                       (abs)        00000
__size_of_nokia_clean_buffer         (abs)        00000
__size_of_nokia_clean_line           (abs)        00000
__size_of_nokia_delay                (abs)        00000
__size_of_nokia_gotoxy               (abs)        00000
__size_of_nokia_init                 (abs)        00000
__size_of_nokia_printchar            (abs)        00000
__size_of_nokia_printstr             (abs)        00000
__size_of_nokia_refresh              (abs)        00000
__size_of_nokia_refresh_line         (abs)        00000
__size_of_nokia_write_command        (abs)        00000
__size_of_nokia_write_data           (abs)        00000
__size_of_nokia_write_dorc           (abs)        00000
__size_of_scale                      (abs)        00000
__size_of_sprintf                    (abs)        00000
__size_ofi1___bmul                   (abs)        00000
__size_ofi1___wmul                   (abs)        00000
__size_ofi1_nokia_gotoxy             (abs)        00000
__size_ofi1_nokia_printchar          (abs)        00000
__size_ofi1_nokia_printstr           (abs)        00000
__size_ofi1_nokia_write_command      (abs)        00000
__size_ofi1_nokia_write_data         (abs)        00000
__size_ofi1_nokia_write_dorc         (abs)        00000
__tdiv_to_l_                         text32       00976
__tdiv_to_l_@cntr                    cstackBANK0  00024
__tdiv_to_l_@exp1                    cstackBANK0  00025
__tdiv_to_l_@f1                      cstackCOMMON 00070
[...]
Total ram usage:       10 bytes
 Hardware stack levels used:    1
 Hardware stack levels required when called:    1
 This function calls:
		___awmod
		i1___wmul
 This function is called by:
		_TMR0_ISR
 This function uses a non-reentrant model


 *************** function i1___wmul *****************
 Defined at:
		line 15 in file "C:\Program Files (x86)\Microchip\xc8\v1.45\sources\common\Umul16.c"
 Parameters:    Size  Location     Type
  multiplier      2    4[BANK0 ] unsigned int 
  multiplicand    2    6[BANK0 ] unsigned int 
 Auto vars:     Size  Location     Type
  __wmul          2   12[COMMON] unsigned int 
 Return value:  Size  Location     Type
                  2    4[BANK0 ] unsigned int 
 Registers used:
		wreg, status,2, status,0
 Tracked objects:
		On entry : 
		On exit  : 
		Unchanged: 
 Data sizes:     COMMON   BANK0   BANK1   BANK2   BANK3   BANK4   BANK5   BANK6   BANK7   BANK8   BANK9  BANK10  BANK11  BANK12  BANK13  BANK14  BANK15  BANK16  BANK17  BANK18  BANK19  BANK20  BANK21  BANK22  BANK23  BANK24  BANK25
      Params:         0       4       0       0       0       0       0       0       0       0       0       0       0       0       0       0       0       0       0       0       0       0       0       0       0       0       0
      Locals:         2       0       0       0       0       0       0       0       0       0       0       0       0       0       0       0       0       0       0       0       0       0       0       0       0       0       0
      Temps:          0       0       0       0       0       0       0       0       0       0       0       0       0       0       0       0       0       0       0       0       0       0       0       0       0       0       0
      Totals:         2       4       0       0       0       0       0       0       0       0       0       0       0       0       0       0       0       0       0       0       0       0       0       0       0       0       0
Total ram usage:        6 bytes
 Hardware stack levels used:    1
 This function calls:
		Nothing
 This function is called by:
		_nokia_clean_line
		_nokia_refresh_line
		_fround
		_scale
		_sprintf
		i1_nokia_printchar
 This function uses a non-reentrant model


 *************** function ___awmod *****************
 Defined at:
		line 6 in file "C:\Program Files (x86)\Microchip\xc8\v1.45\sources\common\awmod.c"
 Parameters:    Size  Location     Type
  divisor         2    0[COMMON] int 
  dividend        2    2[COMMON] int 
 Auto vars:     Size  Location     Type
  sign            1    6[COMMON] unsigned char 
  counter         1    5[COMMON] unsigned char 
 Return value:  Size  Location     Type
                  2    0[COMMON] int 
 Registers used:
		wreg, status,2, status,0
 Tracked objects:
		On entry : 
		On exit  : 
		Unchanged: 
 Data sizes:     COMMON   BANK0   BANK1   BANK2   BANK3   BANK4   BANK5   BANK6   BANK7   BANK8   BANK9  BANK10  BANK11  BANK12  BANK13  BANK14  BANK15  BANK16  BANK17  BANK18  BANK19  BANK20  BANK21  BANK22  BANK23  BANK24  BANK25
      Params:         4       0       0       0       0       0       0       0       0       0       0       0       0       0       0       0       0       0       0       0       0       0       0       0       0       0       0
      Locals:         2       0       0       0       0       0       0       0       0       0       0       0       0       0       0       0       0       0       0       0       0       0       0       0       0       0       0
      Temps:          1       0       0       0       0       0       0       0       0       0       0       0       0       0       0       0       0       0       0       0       0       0       0       0       0       0       0
      Totals:         7       0       0       0       0       0       0       0       0       0       0       0       0       0       0       0       0       0       0       0       0       0       0       0       0       0       0
Total ram usage:        7 bytes
 Hardware stack levels used:    1
 This function calls:
		Nothing
 This function is called by:
		_nokia_clean_line
		_nokia_refresh_line
		_fround
		_scale
 This function uses a non-reentrant model


 *************** function ___lwtoft *****************
 Defined at:
		line 28 in file "C:\Program Files (x86)\Microchip\xc8\v1.45\sources\common\lwtoft.c"
 Parameters:    Size  Location     Type
  c               2    8[COMMON] unsigned int 
 Auto vars:     Size  Location     Type
		None
 Return value:  Size  Location     Type
                  3    8[COMMON] float 
 Registers used:
		wreg, status,2, status,0, pclath, cstack
 Tracked objects:
		On entry : 
		On exit  : 
		Unchanged: 
 Data sizes:     COMMON   BANK0   BANK1   BANK2   BANK3   BANK4   BANK5   BANK6   BANK7   BANK8   BANK9  BANK10  BANK11  BANK12  BANK13  BANK14  BANK15  BANK16  BANK17  BANK18  BANK19  BANK20  BANK21  BANK22  BANK23  BANK24  BANK25
      Params:         3       0       0       0       0       0       0       0       0       0       0       0       0       0       0       0       0       0       0       0       0       0       0       0       0       0       0
      Locals:         0       0       0       0       0       0       0       0       0       0       0       0       0       0       0       0       0       0       0       0       0       0       0       0       0       0       0
      Temps:          1       0       0       0       0       0       0       0       0       0       0       0       0       0       0       0       0       0       0       0       0       0       0       0       0       0       0
      Totals:         4       0       0       0       0       0       0       0       0       0       0       0       0       0       0       0       0       0       0       0       0       0       0       0       0       0       0
Total ram usage:        4 bytes
 Hardware stack levels used:    1
 Hardware stack levels required when called:    1
 This function calls:
		___ftpack
 This function is called by:
		_TMR0_ISR
 This function uses a non-reentrant model


 *************** function ___ftpack *****************
 Defined at:
		line 62 in file "C:\Program Files (x86)\Microchip\xc8\v1.45\sources\common\float.c"
 Parameters:    Size  Location     Type
  arg             3    0[COMMON] unsigned um
  exp             1    3[COMMON] unsigned char 
  sign            1    4[COMMON] unsigned char 
 Auto vars:     Size  Location     Type
		None
 Return value:  Size  Location     Type
                  3    0[COMMON] float 
 Registers used:
		wreg, status,2, status,0
 Tracked objects:
		On entry : 
		On exit  : 
		Unchanged: 
 Data sizes:     COMMON   BANK0   BANK1   BANK2   BANK3   BANK4   BANK5   BANK6   BANK7   BANK8   BANK9  BANK10  BANK11  BANK12  BANK13  BANK14  BANK15  BANK16  BANK17  BANK18  BANK19  BANK20  BANK21  BANK22  BANK23  BANK24  BANK25
      Params:         5       0       0       0       0       0       0       0       0       0       0       0       0       0       0       0       0       0       0       0       0       0       0       0       0       0       0
      Locals:         0       0       0       0       0       0       0       0       0       0       0       0       0       0       0       0       0       0       0       0       0       0       0       0       0       0       0
      Temps:          3       0       0       0       0       0       0       0       0       0       0       0       0       0       0       0       0       0       0       0       0       0       0       0       0       0       0
      Totals:         8       0       0       0       0       0       0       0       0       0       0       0       0       0       0       0       0       0       0       0       0       0       0       0       0       0       0
Total ram usage:        8 bytes
 Hardware stack levels used:    1
 This function calls:
		Nothing
 This function is called by:
		___ftadd
		___ftmul
		___lltoft
		___lwtoft
 This function uses a non-reentrant model


 *************** function _ADCC_StartConversion *****************
 Defined at:
		line 113 in file "mcc_generated_files/adcc.c"
 Parameters:    Size  Location     Type
  channel         1    wreg     enum E12471
 Auto vars:     Size  Location     Type
  channel         1    0[COMMON] enum E12471
 Return value:  Size  Location     Type
                  1    wreg      void 
 Registers used:
		wreg
 Tracked objects:
		On entry : 
		On exit  : 
		Unchanged: 
 Data sizes:     COMMON   BANK0   BANK1   BANK2   BANK3   BANK4   BANK5   BANK6   BANK7   BANK8   BANK9  BANK10  BANK11  BANK12  BANK13  BANK14  BANK15  BANK16  BANK17  BANK18  BANK19  BANK20  BANK21  BANK22  BANK23  BANK24  BANK25
      Params:         0       0       0       0       0       0       0       0       0       0       0       0       0       0       0       0       0       0       0       0       0       0       0       0       0       0       0
      Locals:         1       0       0       0       0       0       0       0       0       0       0       0       0       0       0       0       0       0       0       0       0       0       0       0       0       0       0
      Temps:          0       0       0       0       0       0       0       0       0       0       0       0       0       0       0       0       0       0       0       0       0       0       0       0       0       0       0
      Totals:         1       0       0       0       0       0       0       0       0       0       0       0       0       0       0       0       0       0       0       0       0       0       0       0       0       0       0
Total ram usage:        1 bytes
 Hardware stack levels used:    1
 This function calls:
		Nothing
 This function is called by:
		_TMR0_ISR
 This function uses a non-reentrant model


 *************** function _ADCC_IsConversionDone *****************
 Defined at:
		line 125 in file "mcc_generated_files/adcc.c"
 Parameters:    Size  Location     Type
		None
 Auto vars:     Size  Location     Type
		None
 Return value:  Size  Location     Type
                  1    wreg      unsigned char 
 Registers used:
		wreg, status,0
 Tracked objects:
		On entry : 
		On exit  : 
		Unchanged: 
 Data sizes:     COMMON   BANK0   BANK1   BANK2   BANK3   BANK4   BANK5   BANK6   BANK7   BANK8   BANK9  BANK10  BANK11  BANK12  BANK13  BANK14  BANK15  BANK16  BANK17  BANK18  BANK19  BANK20  BANK21  BANK22  BANK23  BANK24  BANK25
      Params:         0       0       0       0       0       0       0       0       0       0       0       0       0       0       0       0       0       0       0       0       0       0       0       0       0       0       0
      Locals:         0       0       0       0       0       0       0       0       0       0       0       0       0       0       0       0       0       0       0       0       0       0       0       0       0       0       0
      Temps:          0       0       0       0       0       0       0       0       0       0       0       0       0       0       0       0       0       0       0       0       0       0       0       0       0       0       0
      Totals:         0       0       0       0       0       0       0       0       0       0       0       0       0       0       0       0       0       0       0       0       0       0       0       0       0       0       0
Total ram usage:        0 bytes
 Hardware stack levels used:    1
 This function calls:
		Nothing
 This function is called by:
		_TMR0_ISR
 This function uses a non-reentrant model


 *************** function _ADCC_GetConversionResult *****************
 Defined at:
		line 131 in file "mcc_generated_files/adcc.c"
 Parameters:    Size  Location     Type
		None
 Auto vars:     Size  Location     Type
		None
 Return value:  Size  Location     Type
                  2    0[COMMON] unsigned int 
 Registers used:
		wreg
 Tracked objects:
		On entry : 
		On exit  : 
		Unchanged: 
 Data sizes:     COMMON   BANK0   BANK1   BANK2   BANK3   BANK4   BANK5   BANK6   BANK7   BANK8   BANK9  BANK10  BANK11  BANK12  BANK13  BANK14  BANK15  BANK16  BANK17  BANK18  BANK19  BANK20  BANK21  BANK22  BANK23  BANK24  BANK25
      Params:         2       0       0       0       0       0       0       0       0       0       0       0       0       0       0       0       0       0       0       0       0       0       0       0       0       0       0
      Locals:         0       0       0       0       0       0       0       0       0       0       0       0       0       0       0       0       0       0       0       0       0       0       0       0       0       0       0
      Temps:          0       0       0       0       0       0       0       0       0       0       0       0       0       0       0       0       0       0       0       0       0       0       0       0       0       0       0
      Totals:         2       0       0       0       0       0       0       0       0       0       0       0       0       0       0       0       0       0       0       0       0       0       0       0       0       0       0
Total ram usage:        2 bytes
 Hardware stack levels used:    1
 This function calls:
		Nothing
 This function is called by:
		_TMR0_ISR
 This function uses a non-reentrant model



MODULE INFORMATION

Module		Function		Class		Link	Load	Size
C:\Program Files (x86)\Microchip\xc8\v1.45\sources\common\ftneg.c
		___ftneg       		CODE           	1F5F	0000	9

C:\Program Files (x86)\Microchip\xc8\v1.45\sources\common\ftneg.c estimated size: 9

C:\Program Files (x86)\Microchip\xc8\v1.45\sources\common\ftsub.c
		___ftsub       		CODE           	13D6	0000	31

C:\Program Files (x86)\Microchip\xc8\v1.45\sources\common\ftsub.c estimated size: 31

C:\Program Files (x86)\Microchip\xc8\v1.45\sources\common\float.c
		___ftpack      		CODE           	16B8	0000	101

C:\Program Files (x86)\Microchip\xc8\v1.45\sources\common\float.c estimated size: 101

mcc_generated_files/fvr.c
		_FVR_Initialize		CODE           	1F41	0000	5

mcc_generated_files/fvr.c estimated size: 5

C:\Program Files (x86)\Microchip\xc8\v1.45\sources\common\doprnt.c
		_scale         		CODE           	0DBC	0000	581
		_sprintf       		CODE           	0039	0000	1564
		_fround        		CODE           	0654	0000	358

C:\Program Files (x86)\Microchip\xc8\v1.45\sources\common\doprnt.c estimated size: 2503

C:\Program Files (x86)\Microchip\xc8\v1.45\sources\common\lltoft.c
		___lltoft      		CODE           	1457	0000	41

C:\Program Files (x86)\Microchip\xc8\v1.45\sources\common\lltoft.c estimated size: 41

mcc_generated_files/interrupt_manager.c
		_INTERRUPT_InterruptManager		CODE           	0004	0000	17

mcc_generated_files/interrupt_manager.c estimated size: 17

C:\Program Files (x86)\Microchip\xc8\v1.45\sources\common\Umul16.c
		___wmul        		CODE           	13BA	0000	29

C:\Program Files (x86)\Microchip\xc8\v1.45\sources\common\Umul16.c estimated size: 29

mcc_generated_files/tmr0.c
		_TMR0_ISR      		CODE           	1784	0000	125
		_TMR0_Initialize		CODE           	130B	0000	21

mcc_generated_files/tmr0.c estimated size: 146

C:\Program Files (x86)\Microchip\xc8\v1.45\sources\common\ftge.c
		___ftge        		CODE           	14BA	0000	60

C:\Program Files (x86)\Microchip\xc8\v1.45\sources\common\ftge.c estimated size: 60

mcc_generated_files/pin_manager.c
		_PIN_MANAGER_Initialize		CODE           	13F4	0000	31

mcc_generated_files/pin_manager.c estimated size: 31

C:\Program Files (x86)\Microchip\xc8\v1.45\sources\common\isdigit.c
		_isdigit       		CODE           	1FCF	0000	15

C:\Program Files (x86)\Microchip\xc8\v1.45\sources\common\isdigit.c estimated size: 15

C:\Program Files (x86)\Microchip\xc8\v1.45\sources\common\ftdivl.c
		__tdiv_to_l_   		CODE           	0976	0000	183

C:\Program Files (x86)\Microchip\xc8\v1.45\sources\common\ftdivl.c estimated size: 183

C:\Program Files (x86)\Microchip\xc8\v1.45\sources\common\ftmul.c
		___ftmul       		CODE           	08C2	0000	181

C:\Program Files (x86)\Microchip\xc8\v1.45\sources\common\ftmul.c estimated size: 181

C:\Program Files (x86)\Microchip\xc8\v1.45\sources\common\awmod.c
		___awmod       		CODE           	1578	0000	70

C:\Program Files (x86)\Microchip\xc8\v1.45\sources\common\awmod.c estimated size: 70

C:\Program Files (x86)\Microchip\xc8\v1.45\sources\common\llmod.c
		___llmod       		CODE           	1536	0000	67

C:\Program Files (x86)\Microchip\xc8\v1.45\sources\common\llmod.c estimated size: 67

C:\Program Files (x86)\Microchip\xc8\v1.45\sources\common\fldivl.c
		__div_to_l_    		CODE           	0C9F	0000	286

C:\Program Files (x86)\Microchip\xc8\v1.45\sources\common\fldivl.c estimated size: 286

shared
		_TABLA2        		STRCODE        	1104	0000	241
		__powers_      		STRCODE        	1828	0000	40
		_dpowers       		STRCODE        	1800	0000	41
		i1___wmul      		CODE           	139E	0000	29
		_Font10x12     		STRCODE        	1000	0000	261
		i1_nokia_printstr		CODE           	131F	0000	24
		__npowers_     		STRCODE        	184F	0000	40
		__initialization		CODE           	0016	0000	32
		i1_nokia_printchar		CODE           	0AE3	0000	199
		i1_nokia_gotoxy		CODE           	134D	0000	28
		i1_nokia_write_data		CODE           	1F7A	0000	12
		i1_nokia_write_command		CODE           	1F6F	0000	12
		i1_nokia_write_dorc		CODE           	1412	0000	33
		_TABLA1        		STRCODE        	11F4	0000	241
		i1___bmul      		CODE           	1FDD	0000	18

shared estimated size: 1251

Nokia_5110.c
		_nokia_refresh 		CODE           	07B9	0000	72
		_nokia_printchar		CODE           	0A2C	0000	184
		_nokia_write_command		CODE           	1FA8	0000	14
		_nokia_clean_buffer		CODE           	0800	0000	60
		_nokia_delay   		CODE           	1F45	0000	6
		_nokia_refresh_line		CODE           	1661	0000	88
		_nokia_gotoxy  		CODE           	1383	0000	28
		_nokia_write_data		CODE           	1FB5	0000	14
		_nokia_write_dorc		CODE           	1432	0000	38
		_nokia_clean_line		CODE           	147F	0000	60
		_nokia_init    		CODE           	171C	0000	105
		_nokia_printstr		CODE           	1336	0000	24

Nokia_5110.c estimated size: 693

mcc_generated_files/mcc.c
		_PMD_Initialize		CODE           	1F67	0000	9
		_OSCILLATOR_Initialize		CODE           	1F85	0000	12
		_SYSTEM_Initialize		CODE           	1FEE	0000	19

mcc_generated_files/mcc.c estimated size: 40

C:\Program Files (x86)\Microchip\xc8\v1.45\sources\common\fttol.c
		___fttol       		CODE           	083B	0000	136

C:\Program Files (x86)\Microchip\xc8\v1.45\sources\common\fttol.c estimated size: 136

C:\Program Files (x86)\Microchip\xc8\v1.45\sources\common\awdiv.c
		___awdiv       		CODE           	160F	0000	83

C:\Program Files (x86)\Microchip\xc8\v1.45\sources\common\awdiv.c estimated size: 83

C:\Program Files (x86)\Microchip\xc8\v1.45\sources\common\ftadd.c
		___ftadd       		CODE           	0BA9	0000	247

C:\Program Files (x86)\Microchip\xc8\v1.45\sources\common\ftadd.c estimated size: 247

C:\Program Files (x86)\Microchip\xc8\v1.45\sources\common\lldiv.c
		___lldiv       		CODE           	15BD	0000	83

C:\Program Files (x86)\Microchip\xc8\v1.45\sources\common\lldiv.c estimated size: 83

mcc_generated_files/adcc.c
		_ADCC_GetConversionResult		CODE           	1F4A	0000	7
		_ADCC_StartConversion		CODE           	1F57	0000	9
		_ADCC_Initialize		CODE           	1368	0000	28
		_ADCC_IsConversionDone		CODE           	1F50	0000	8

mcc_generated_files/adcc.c estimated size: 52

C:\Program Files (x86)\Microchip\xc8\v1.45\sources\common\Umul8.c
		___bmul        		CODE           	12E6	0000	19

C:\Program Files (x86)\Microchip\xc8\v1.45\sources\common\Umul8.c estimated size: 19

main.c
		_main          		CODE           	14F5	0000	66

main.c estimated size: 66

C:\Program Files (x86)\Microchip\xc8\v1.45\sources\common\lwtoft.c
		___lwtoft      		CODE           	12F8	0000	20

C:\Program Files (x86)\Microchip\xc8\v1.45\sources\common\lwtoft.c estimated size: 20

