Microchip MPLAB XC8 Compiler V1.45 ()

Linker command line:

-W-3 --edf=C:\Program Files (x86)\Microchip\xc8\v1.45\dat\en_msgs.txt -cs \
  -h+dist/default/debug\Noise_Meter.debug.sym \
  --cmf=dist/default/debug\Noise_Meter.debug.cmf -z -Q16F19156 \
  -oC:\Users\HUGOC_~1\AppData\Local\Temp\scg0.2 \
  -Mdist/default/debug/Noise_Meter.debug.map -E1 -ver=XC8 \
  -ASTACK=02085h-025f7h -pstack=STACK -ACODE=00h-07FFhx8 \
  -ASTRCODE=00h-03FFFh -ASTRING=00h-0FFhx64 -ACONST=00h-0FFhx64 \
  -AENTRY=00h-0FFhx64 -ACOMMON=070h-07Fh -ABANK0=020h-06Fh \
  -ABANK1=0A0h-0EFh -ABANK2=0120h-016Fh -ABANK3=01A0h-01EFh \
  -ABANK4=0220h-026Fh -ABANK5=02A0h-02EFh -ABANK6=0320h-036Fh \
  -ABANK7=03A0h-03EFh -ABANK8=0420h-046Fh -ABANK9=04A0h-04EFh \
  -ABANK10=0520h-056Fh -ABANK11=05A0h-05EFh -ABANK12=0620h-066Fh \
  -ABANK13=06A0h-06EFh -ABANK14=0720h-076Fh -ABANK15=07A0h-07EFh \
  -ABANK16=0820h-086Fh -ABANK17=08A0h-08EFh -ABANK18=0920h-096Fh \
  -ABANK19=09A0h-09EFh -ABANK20=0A20h-0A6Fh -ABANK21=0AA0h-0AEFh \
  -ABANK22=0B20h-0B6Fh -ABANK23=0BA0h-0BEFh -ABANK24=0C20h-0C6Fh \
  -ABANK25=0CA0h-0CBFh -ABIGRAM=02000h-027EFh \
  -ARAM=020h-06Fh,0A0h-0EFh,0120h-016Fh,01A0h-01EFh,0220h-026Fh,02A0h-02EFh,0320h-036Fh,03A0h-03EFh,0420h-046Fh,04A0h-04EFh,0520h-056Fh,05A0h-05EFh,0620h-066Fh,06A0h-06EFh,0720h-076Fh,07A0h-07EFh,0820h-086Fh,08A0h-08EFh,0920h-096Fh,09A0h-09EFh,0A20h-0A6Fh,0AA0h-0AEFh,0B20h-0B6Fh,0BA0h-0BEFh,0C20h-0C6Fh,0CA0h-0CBFh \
  -AABS1=020h-07Fh,0A0h-0EFh,0120h-016Fh,01A0h-01EFh,0220h-026Fh,02A0h-02EFh,0320h-036Fh,03A0h-03EFh,0420h-046Fh,04A0h-04EFh,0520h-056Fh,05A0h-05EFh,0620h-066Fh,06A0h-06EFh,0720h-076Fh,07A0h-07EFh,0820h-086Fh,08A0h-08EFh,0920h-096Fh,09A0h-09EFh,0A20h-0A6Fh,0AA0h-0AEFh,0B20h-0B6Fh,0BA0h-0BEFh,0C20h-0C6Fh,0CA0h-0CBFh \
  -ASFR0=00h-01Fh -ASFR1=080h-09Fh -ASFR2=0100h-011Fh -ASFR3=0180h-019Fh \
  -ASFR4=0200h-021Fh -ASFR5=0280h-029Fh -ASFR6=0300h-031Fh \
  -ASFR7=0380h-039Fh -ASFR8=0400h-041Fh -ASFR9=0480h-049Fh \
  -ASFR10=0500h-051Fh -ASFR11=0580h-059Fh -ASFR12=0600h-061Fh \
  -ASFR13=0680h-069Fh -ASFR14=0700h-071Fh -ASFR15=0780h-079Fh \
  -ASFR16=0800h-081Fh -ASFR17=0880h-089Fh -ASFR18=0900h-091Fh \
  -ASFR19=0980h-099Fh -ASFR20=0A00h-0A1Fh -ASFR21=0A80h-0A9Fh \
  -ASFR22=0B00h-0B1Fh -ASFR23=0B80h-0B9Fh -ASFR24=0C00h-0C1Fh \
  -ASFR25=0C80h-0C9Fh -ASFR26=0D00h-0D6Fh -ASFR27=0D80h-0DEFh \
  -ASFR28=0E00h-0E6Fh -ASFR29=0E80h-0EEFh -ASFR30=0F00h-0F6Fh \
  -ASFR31=0F80h-0FEFh -ASFR32=01000h-0106Fh -ASFR33=01080h-010EFh \
  -ASFR34=01100h-0116Fh -ASFR35=01180h-011EFh -ASFR36=01200h-0126Fh \
  -ASFR37=01280h-012EFh -ASFR38=01300h-0136Fh -ASFR39=01380h-013EFh \
  -ASFR40=01400h-0146Fh -ASFR41=01480h-014EFh -ASFR42=01500h-0156Fh \
  -ASFR43=01580h-015EFh -ASFR44=01600h-0166Fh -ASFR45=01680h-016EFh \
  -ASFR46=01700h-0176Fh -ASFR47=01780h-017EFh -ASFR48=01800h-0186Fh \
  -ASFR49=01880h-018EFh -ASFR50=01900h-0196Fh -ASFR51=01980h-019EFh \
  -ASFR52=01A00h-01A6Fh -ASFR53=01A80h-01AEFh -ASFR54=01B00h-01B6Fh \
  -ASFR55=01B80h-01BEFh -ASFR56=01C00h-01C6Fh -ASFR57=01C80h-01CEFh \
  -ASFR58=01D00h-01D6Fh -ASFR59=01D80h-01DEFh -ASFR60=01E00h-01E6Fh \
  -ASFR61=01E80h-01EEFh -ASFR62=01F00h-01F6Fh -ASFR63=01F80h-01FEFh \
  -preset_vec=00h,intentry=04h,init,end_init -ppowerup=CODE -pcinit=CODE \
  -pfunctab=ENTRY -ACONFIG=08007h-0800Bh -pconfig=CONFIG -DCONFIG=2 \
  -AIDLOC=08000h-08003h -pidloc=IDLOC -DIDLOC=2 -AEEDATA=00h-0FFh/0F000h \
  -peeprom_data=EEDATA -DEEDATA=2 -DCODE=2 -DSTRCODE=2 -DSTRING=2 -DCONST=2 \
  -DENTRY=2 -k C:\Users\HUGOC_~1\AppData\Local\Temp\scg0.obj \
  dist/default/debug\Noise_Meter.debug.obj 

Object code version is 3.11

Machine type is 16F19156



                Name                               Link     Load   Length Selector   Space Scale
C:\Users\HUGOC_~1\AppData\Local\Temp\scg0.obj
                end_init                             14       14        2        8       0
                reset_vec                             0        0        3        0       0
                config                             8007     8007        5    1000E       0
dist/default/debug\Noise_Meter.debug.obj
                cinit                                16       16       22        8       0
                intentry                              4        4       10        8       0
                text39                              7FA      7FA        6      638       0
                text38                              E63      E63        7     1CC6       0
                text37                              E6A      E6A        8     1CD4       0
                text36                                3        3        1        0       0
                text35                              F5A      F5A       1B     1EB4       0
                text34                              75A      75A       2F      638       0
                text33                              726      726       34      638       0
                text32                              789      789       2C      638       0
                text31                              31C      31C       CD      638       0
                text30                              F75      F75       1B     1EEA       0
                text29                              EE3      EE3       11     1DC6       0
                text28                              3E9      3E9       C6      638       0
                text27                              F18      F18       13     1E30       0
                text26                              7DA      7DA       20      638       0
                text25                              E83      E83        B     1D06       0
                text24                              E8E      E8E        B     1D1C       0
                text23                              66A      66A       46      638       0
                text22                              5CE      5CE       55      638       0
                text20                              F40      F40       1A     1E80       0
                text19                              E5A      E5A        4     1CB4       0
                text18                              E99      E99        B     1D32       0
                text17                              FE2      FE2       1E     1FC4       0
                text16                              E72      E72        8     1CE4       0
                text15                              E7A      E7A        9     1CF4       0
                text14                              F90      F90       1B     1F20       0
                text13                              EF4      EF4       12     1DE8       0
                text12                              FC6      FC6       1C     1F8C       0
                text11                              6EB      6EB       3B      638       0
                text10                              FAB      FAB       1B     1F56       0
                text9                               E5E      E5E        5     1CBC       0
                text8                               7B5      7B5       25      638       0
                text7                               EBC      EBC        D     1D78       0
                text6                               566      566       68      638       0
                text5                               F06      F06       12     1E0C       0
                text4                               4AF      4AF       B7      638       0
                text3                               F2B      F2B       15     1E56       0
                text2                               EC9      EC9        D     1D92       0
                text1                               623      623       47      638       0
                maintext                            6B0      6B0       3B      638       0
                cstackBANK0                          20       20       27       20       1
                cstackCOMMON                         70       70        E       70       1
                cstackBANK1                          A0       A0       26       A0       1
                clrtext                             EA4      EA4        C     1D48       0
                inittext                            EB0      EB0        C     1D60       0
                dataBANK1                            C6       C6        D       A0       1
                bssBANK1                             D3       D3        2       A0       1
                bssBANK0                             4B       4B        3       20       1
                stringtext5                        100A     100A        3     2000       0
                nvBANK0                              47       47        4       20       1
                stringtext4                        1000     1000        A     2000       0
                stringtext3                         22C      22C       F0       70       0
                stringtext2                         13C      13C       F0       70       0
                stringtext1                          38       38      104       70       0
                idataBANK1                          ED6      ED6        D     1DAC       0

TOTAL           Name                               Link     Load   Length     Space
        CLASS   STACK          

        CLASS   CODE           
                end_init                             14       14        2         0
                cinit                                16       16       22         0
                intentry                              4        4       10         0
                reset_vec                             0        0        3         0
                text39                              7FA      7FA        6         0
                text38                              E63      E63        7         0
                text37                              E6A      E6A        8         0
                text36                                3        3        1         0
                text35                              F5A      F5A       1B         0
                text34                              75A      75A       2F         0
                text33                              726      726       34         0
                text32                              789      789       2C         0
                text31                              31C      31C       CD         0
                text30                              F75      F75       1B         0
                text29                              EE3      EE3       11         0
                text28                              3E9      3E9       C6         0
                text27                              F18      F18       13         0
                text26                              7DA      7DA       20         0
                text25                              E83      E83        B         0
                text24                              E8E      E8E        B         0
                text23                              66A      66A       46         0
                text22                              5CE      5CE       55         0
                text20                              F40      F40       1A         0
                text19                              E5A      E5A        4         0
                text18                              E99      E99        B         0
                text17                              FE2      FE2       1E         0
                text16                              E72      E72        8         0
                text15                              E7A      E7A        9         0
                text14                              F90      F90       1B         0
                text13                              EF4      EF4       12         0
                text12                              FC6      FC6       1C         0
                text11                              6EB      6EB       3B         0
                text10                              FAB      FAB       1B         0
                text9                               E5E      E5E        5         0
                text8                               7B5      7B5       25         0
                text7                               EBC      EBC        D         0
                text6                               566      566       68         0
                text5                               F06      F06       12         0
                text4                               4AF      4AF       B7         0
                text3                               F2B      F2B       15         0
                text2                               EC9      EC9        D         0
                text1                               623      623       47         0
                maintext                            6B0      6B0       3B         0
                clrtext                             EA4      EA4        C         0
                inittext                            EB0      EB0        C         0
                idataBANK1                          ED6      ED6        D         0

        CLASS   STRCODE        
                stringtext5                        100A     100A        3         0
                stringtext4                        1000     1000        A         0
                stringtext3                         22C      22C       F0         0
                stringtext2                         13C      13C       F0         0
                stringtext1                          38       38      104         0

        CLASS   STRING         

        CLASS   CONST          

        CLASS   ENTRY          

        CLASS   COMMON         
                cstackCOMMON                         70       70        E         1

        CLASS   BANK0          
                cstackBANK0                          20       20       27         1
                bssBANK0                             4B       4B        3         1
                nvBANK0                              47       47        4         1

        CLASS   BANK1          
                cstackBANK1                          A0       A0       26         1
                dataBANK1                            C6       C6        D         1
                bssBANK1                             D3       D3        2         1

        CLASS   BANK2          

        CLASS   BANK3          

        CLASS   BANK4          

        CLASS   BANK5          

        CLASS   BANK6          

        CLASS   BANK7          

        CLASS   BANK8          

        CLASS   BANK9          

        CLASS   BANK10         

        CLASS   BANK11         

        CLASS   BANK12         

        CLASS   BANK13         

        CLASS   BANK14         

        CLASS   BANK15         

        CLASS   BANK16         

        CLASS   BANK17         

        CLASS   BANK18         

        CLASS   BANK19         

        CLASS   BANK20         

        CLASS   BANK21         

        CLASS   BANK22         

        CLASS   BANK23         

        CLASS   BANK24         

        CLASS   BANK25         

        CLASS   BIGRAM         

        CLASS   RAM            

        CLASS   ABS1           
                abs_s1                               7E       7E        2         1
                abs_s1                              9A8      9A8       48         1
                abs_s1                              A20      A20       50         1
                abs_s1                              AA0      AA0       50         1
                abs_s1                              B20      B20       50         1
                abs_s1                              BA0      BA0       50         1
                abs_s1                              C20      C20       50         1
                abs_s1                              CA0      CA0       20         1
                abs_s1                             25F8     25F8        0         1

        CLASS   SFR0           

        CLASS   SFR1           

        CLASS   SFR2           

        CLASS   SFR3           

        CLASS   SFR4           

        CLASS   SFR5           

        CLASS   SFR6           

        CLASS   SFR7           

        CLASS   SFR8           

        CLASS   SFR9           

        CLASS   SFR10          

        CLASS   SFR11          

        CLASS   SFR12          

        CLASS   SFR13          

        CLASS   SFR14          

        CLASS   SFR15          

        CLASS   SFR16          

        CLASS   SFR17          

        CLASS   SFR18          

        CLASS   SFR19          

        CLASS   SFR20          

        CLASS   SFR21          

        CLASS   SFR22          

        CLASS   SFR23          

        CLASS   SFR24          

        CLASS   SFR25          

        CLASS   SFR26          

        CLASS   SFR27          

        CLASS   SFR28          

        CLASS   SFR29          

        CLASS   SFR30          

        CLASS   SFR31          

        CLASS   SFR32          

        CLASS   SFR33          

        CLASS   SFR34          

        CLASS   SFR35          

        CLASS   SFR36          

        CLASS   SFR37          

        CLASS   SFR38          

        CLASS   SFR39          

        CLASS   SFR40          

        CLASS   SFR41          

        CLASS   SFR42          

        CLASS   SFR43          

        CLASS   SFR44          

        CLASS   SFR45          

        CLASS   SFR46          

        CLASS   SFR47          

        CLASS   SFR48          

        CLASS   SFR49          

        CLASS   SFR50          

        CLASS   SFR51          

        CLASS   SFR52          

        CLASS   SFR53          

        CLASS   SFR54          

        CLASS   SFR55          

        CLASS   SFR56          

        CLASS   SFR57          

        CLASS   SFR58          

        CLASS   SFR59          

        CLASS   SFR60          

        CLASS   SFR61          

        CLASS   SFR62          

        CLASS   SFR63          

        CLASS   CONFIG         
                config                             8007     8007        5         0

        CLASS   IDLOC          

        CLASS   EEDATA         

        CLASS   BANK63         

        CLASS   BANK62         

        CLASS   BANK61         

        CLASS   BANK60         

        CLASS   BANK59         

        CLASS   BANK58         

        CLASS   BANK57         

        CLASS   BANK56         

        CLASS   BANK55         

        CLASS   BANK54         

        CLASS   BANK53         

        CLASS   BANK52         

        CLASS   BANK51         

        CLASS   BANK50         

        CLASS   BANK49         

        CLASS   BANK48         

        CLASS   BANK47         

        CLASS   BANK46         

        CLASS   BANK45         

        CLASS   BANK44         

        CLASS   BANK43         

        CLASS   BANK42         

        CLASS   BANK41         

        CLASS   BANK40         

        CLASS   BANK39         

        CLASS   BANK38         

        CLASS   BANK37         

        CLASS   BANK36         

        CLASS   BANK35         

        CLASS   BANK34         

        CLASS   BANK33         

        CLASS   BANK32         

        CLASS   BANK31         

        CLASS   BANK30         

        CLASS   BANK29         

        CLASS   BANK28         

        CLASS   BANK27         

        CLASS   BANK26         



SEGMENTS        Name                           Load    Length   Top    Selector   Space  Class     Delta

                reset_vec                      000000  000004  000004         0       0  CODE        2
                intentry                       000004  000034  000038         8       0  CODE        2
                cstackBANK0                    000020  00002E  00004E        20       1  BANK0       1
                cstackCOMMON                   000070  00000E  00007E        70       1  COMMON      1
                stringtext1                    000038  0002E4  00031C        70       0  STRCODE     2
                cstackBANK1                    0000A0  000035  0000D5        A0       1  BANK1       1
                text31                         00031C  0004E4  000800       638       0  CODE        2
                text19                         000E5A  000004  000E5E      1CB4       0  CODE        2
                text9                          000E5E  000005  000E63      1CBC       0  CODE        2
                text38                         000E63  000007  000E6A      1CC6       0  CODE        2
                text37                         000E6A  000008  000E72      1CD4       0  CODE        2
                text16                         000E72  000008  000E7A      1CE4       0  CODE        2
                text15                         000E7A  000009  000E83      1CF4       0  CODE        2
                text25                         000E83  00000B  000E8E      1D06       0  CODE        2
                text24                         000E8E  00000B  000E99      1D1C       0  CODE        2
                text18                         000E99  00000B  000EA4      1D32       0  CODE        2
                clrtext                        000EA4  00000C  000EB0      1D48       0  CODE        2
                inittext                       000EB0  00000C  000EBC      1D60       0  CODE        2
                text7                          000EBC  00000D  000EC9      1D78       0  CODE        2
                text2                          000EC9  00000D  000ED6      1D92       0  CODE        2
                idataBANK1                     000ED6  00000D  000EE3      1DAC       0  CODE        2
                text29                         000EE3  000011  000EF4      1DC6       0  CODE        2
                text13                         000EF4  000012  000F06      1DE8       0  CODE        2
                text5                          000F06  000012  000F18      1E0C       0  CODE        2
                text27                         000F18  000013  000F2B      1E30       0  CODE        2
                text3                          000F2B  000015  000F40      1E56       0  CODE        2
                text20                         000F40  00001A  000F5A      1E80       0  CODE        2
                text35                         000F5A  00001B  000F75      1EB4       0  CODE        2
                text30                         000F75  00001B  000F90      1EEA       0  CODE        2
                text14                         000F90  00001B  000FAB      1F20       0  CODE        2
                text10                         000FAB  00001B  000FC6      1F56       0  CODE        2
                text12                         000FC6  00001C  000FE2      1F8C       0  CODE        2
                text17                         000FE2  00001E  001000      1FC4       0  CODE        2
                stringtext4                    001000  00000D  00100D      2000       0  STRCODE     2
                config                         008007  000005  00800C     1000E       0  CONFIG      2


UNUSED ADDRESS RANGES

        Name                Unused          Largest block    Delta
        BANK0            0004E-0006F              22           1
        BANK1            000D5-000EF              1B           1
        BANK10           00520-0056F              50           1
        BANK11           005A0-005EF              50           1
        BANK12           00620-0066F              50           1
        BANK13           006A0-006EF              50           1
        BANK14           00720-0076F              50           1
        BANK15           007A0-007EF              50           1
        BANK16           00820-0086F              50           1
        BANK17           008A0-008EF              50           1
        BANK18           00920-0096F              50           1
        BANK19           009A0-009A7               8           1
        BANK2            00120-0016F              50           1
        BANK3            001A0-001EF              50           1
        BANK4            00220-0026F              50           1
        BANK5            002A0-002EF              50           1
        BANK6            00320-0036F              50           1
        BANK7            003A0-003EF              50           1
        BANK8            00420-0046F              50           1
        BANK9            004A0-004EF              50           1
        BIGRAM           02000-027EF             7F0           1
        CODE             00800-00E59             65A           2
                         0100D-03FFF             800
        CONST            00800-00E59             100           2
                         0100D-03FFF             100
        EEDATA           0F000-0F0FF             100           2
        ENTRY            00800-00E59             100           2
                         0100D-03FFF             100
        IDLOC            08000-08003               4           2
        RAM              0004E-0006F              22           1
                         000D5-000EF              1B
                         00120-0016F              50
                         001A0-001EF              50
                         00220-0026F              50
                         002A0-002EF              50
                         00320-0036F              50
                         003A0-003EF              50
                         00420-0046F              50
                         004A0-004EF              50
                         00520-0056F              50
                         005A0-005EF              50
                         00620-0066F              50
                         006A0-006EF              50
                         00720-0076F              50
                         007A0-007EF              50
                         00820-0086F              50
                         008A0-008EF              50
                         00920-0096F              50
                         009A0-009A7               8
        SFR0             00000-0001F              20           1
        SFR1             00080-0009F              20           1
        SFR10            00500-0051F              20           1
        SFR11            00580-0059F              20           1
        SFR12            00600-0061F              20           1
        SFR13            00680-0069F              20           1
        SFR14            00700-0071F              20           1
        SFR15            00780-0079F              20           1
        SFR16            00800-0081F              20           1
        SFR17            00880-0089F              20           1
        SFR18            00900-0091F              20           1
        SFR19            00980-0099F              20           1
        SFR2             00100-0011F              20           1
        SFR20            00A00-00A1F              20           1
        SFR21            00A80-00A9F              20           1
        SFR22            00B00-00B1F              20           1
        SFR23            00B80-00B9F              20           1
        SFR24            00C00-00C1F              20           1
        SFR25            00C80-00C9F              20           1
        SFR26            00D00-00D6F              70           1
        SFR27            00D80-00DEF              70           1
        SFR28            00E00-00E6F              70           1
        SFR29            00E80-00EEF              70           1
        SFR3             00180-0019F              20           1
        SFR30            00F00-00F6F              70           1
        SFR31            00F80-00FEF              70           1
        SFR32            01000-0106F              70           1
        SFR33            01080-010EF              70           1
        SFR34            01100-0116F              70           1
        SFR35            01180-011EF              70           1
        SFR36            01200-0126F              70           1
        SFR37            01280-012EF              70           1
        SFR38            01300-0136F              70           1
        SFR39            01380-013EF              70           1
        SFR4             00200-0021F              20           1
        SFR40            01400-0146F              70           1
        SFR41            01480-014EF              70           1
        SFR42            01500-0156F              70           1
        SFR43            01580-015EF              70           1
        SFR44            01600-0166F              70           1
        SFR45            01680-016EF              70           1
        SFR46            01700-0176F              70           1
        SFR47            01780-017EF              70           1
        SFR48            01800-0186F              70           1
        SFR49            01880-018EF              70           1
        SFR5             00280-0029F              20           1
        SFR50            01900-0196F              70           1
        SFR51            01980-019EF              70           1
        SFR52            01A00-01A6F              70           1
        SFR53            01A80-01AEF              70           1
        SFR54            01B00-01B6F              70           1
        SFR55            01B80-01BEF              70           1
        SFR56            01C00-01C6F              70           1
        SFR57            01C80-01CEF              70           1
        SFR58            01D00-01D6F              70           1
        SFR59            01D80-01DEF              70           1
        SFR6             00300-0031F              20           1
        SFR60            01E00-01E6F              70           1
        SFR61            01E80-01EEF              70           1
        SFR62            01F00-01F6F              70           1
        SFR63            01F80-01FEF              70           1
        SFR7             00380-0039F              20           1
        SFR8             00400-0041F              20           1
        SFR9             00480-0049F              20           1
        STACK            02085-025F7             573           1
        STRCODE          00800-00E59             65A           2
                         0100D-03FFF            2FF3
        STRING           00800-00E59             100           2
                         0100D-03FFF             100

                                  Symbol Table

?_ADCC_GetConversionResult                cstackCOMMON 00070
?___lwdiv                                 cstackCOMMON 00070
?___lwmod                                 cstackCOMMON 00078
?___wmul                                  cstackBANK1  000A0
?_sprintf                                 cstackBANK0  00020
?i1___wmul                                cstackCOMMON 00070
ADCC_StartConversion@channel              cstackCOMMON 00070
TMR0_ISR@convertedValue                   cstackBANK0  00044
TMR0_ISR@sbuf                             cstackBANK0  00030
TMR0_SetInterruptHandler@InterruptHandler cstackBANK1  000A0
_ADACCH                                   (abs)        00097
_ADACCL                                   (abs)        00096
_ADACCU                                   (abs)        00098
_ADACQH                                   (abs)        0010D
_ADACQL                                   (abs)        0010C
_ADACT                                    (abs)        00117
_ADCACTPPSbits                            (abs)        01EC3
_ADCAP                                    (abs)        0010E
_ADCC_GetConversionResult                 text39       007FA
_ADCC_Initialize                          text20       00F40
_ADCC_IsConversionDone                    text38       00E63
_ADCC_StartConversion                     text37       00E6A
_ADCLK                                    (abs)        00118
_ADCNT                                    (abs)        00099
_ADCON0                                   (abs)        00111
_ADCON0bits                               (abs)        00111
_ADCON1                                   (abs)        00112
_ADCON1bits                               (abs)        00112
_ADCON2                                   (abs)        00113
_ADCON2bits                               (abs)        00113
_ADCON3                                   (abs)        00114
_ADCON3bits                               (abs)        00114
_ADERRH                                   (abs)        00091
_ADERRL                                   (abs)        00090
_ADFLTRH                                  (abs)        00095
_ADFLTRL                                  (abs)        00094
_ADLTHH                                   (abs)        0008D
_ADLTHL                                   (abs)        0008C
_ADPCH                                    (abs)        0009F
_ADPREH                                   (abs)        00110
_ADPREL                                   (abs)        0010F
_ADPREVH                                  (abs)        0009C
_ADPREVL                                  (abs)        0009B
_ADREF                                    (abs)        00116
_ADRESH                                   (abs)        0009E
_ADRESL                                   (abs)        0009D
_ADRPT                                    (abs)        0009A
_ADSTAT                                   (abs)        00115
_ADSTATbits                               (abs)        00115
_ADSTPTH                                  (abs)        00093
_ADSTPTL                                  (abs)        00092
_ADUTHH                                   (abs)        0008F
_ADUTHL                                   (abs)        0008E
_ANSELA                                   (abs)        01F38
_ANSELB                                   (abs)        01F43
_ANSELC                                   (abs)        01F4E
_FVRCON                                   (abs)        0090C
_FVRCONbits                               (abs)        0090C
_FVR_Initialize                           text19       00E5A
_Font10x12                                stringtext1  00038
_INTCONbits                               (abs)        0000B
_INTERRUPT_InterruptManager               intentry     00004
_LATA                                     (abs)        00018
_LATB                                     (abs)        00019
_LATBbits                                 (abs)        00019
_LATC                                     (abs)        0001A
_LATCbits                                 (abs)        0001A
_LCD_contrast                             bssBANK0     0004D
_ODCONA                                   (abs)        01F3A
_ODCONB                                   (abs)        01F45
_ODCONC                                   (abs)        01F50
_OSCCON1                                  (abs)        0088D
_OSCCON3                                  (abs)        0088F
_OSCEN                                    (abs)        00891
_OSCFRQ                                   (abs)        00893
_OSCILLATOR_Initialize                    text18       00E99
_OSCSTAT                                  (abs)        00890
_OSCTUNE                                  (abs)        00892
_PIE0bits                                 (abs)        00716
_PIN_MANAGER_Initialize                   text17       00FE2
_PIR0bits                                 (abs)        0070C
_PMD0                                     (abs)        00796
_PMD1                                     (abs)        00797
_PMD2                                     (abs)        00798
_PMD3                                     (abs)        00799
_PMD4                                     (abs)        0079A
_PMD5                                     (abs)        0079B
_PMD_Initialize                           text16       00E72
_SYSTEM_Initialize                        text13       00EF4
_T0CON0                                   (abs)        0059E
_T0CON0bits                               (abs)        0059E
_T0CON1                                   (abs)        0059F
_TABLA1                                   stringtext3  0022C
_TABLA2                                   stringtext2  0013C
_TMR0H                                    (abs)        0059D
_TMR0L                                    (abs)        0059C
_TMR0_DefaultInterruptHandler             text36       00003
_TMR0_ISR                                 text22       005CE
_TMR0_Initialize                          text14       00F90
_TMR0_InterruptHandler                    nvBANK0      00047
_TMR0_SetInterruptHandler                 text15       00E7A
_TRISA                                    (abs)        00012
_TRISB                                    (abs)        00013
_TRISC                                    (abs)        00014
_WPUA                                     (abs)        01F39
_WPUB                                     (abs)        01F44
_WPUC                                     (abs)        01F4F
_WPUE                                     (abs)        01F65
__CFG_BBEN$OFF                            (abs)        00000
__CFG_BBSIZE$512                          (abs)        00000
__CFG_BOREN$ON                            (abs)        00000
__CFG_BORV$LO                             (abs)        00000
__CFG_CLKOUTEN$OFF                        (abs)        00000
__CFG_CP$OFF                              (abs)        00000
__CFG_CSWEN$ON                            (abs)        00000
__CFG_FCMEN$ON                            (abs)        00000
__CFG_FEXTOSC$OFF                         (abs)        00000
__CFG_LCDPEN$ON                           (abs)        00000
__CFG_LPBOREN$OFF                         (abs)        00000
__CFG_LVP$ON                              (abs)        00000
__CFG_MCLRE$ON                            (abs)        00000
__CFG_PPS1WAY$ON                          (abs)        00000
__CFG_PWRTE$OFF                           (abs)        00000
__CFG_RSTOSC$HFINT1                       (abs)        00000
__CFG_SAFEN$OFF                           (abs)        00000
__CFG_STVREN$ON                           (abs)        00000
__CFG_VBATEN$OFF                          (abs)        00000
__CFG_WDTCCS$SC                           (abs)        00000
__CFG_WDTCPS$WDTCPS_31                    (abs)        00000
__CFG_WDTCWS$WDTCWS_7                     (abs)        00000
__CFG_WDTE$OFF                            (abs)        00000
__CFG_WRTAPP$OFF                          (abs)        00000
__CFG_WRTB$OFF                            (abs)        00000
__CFG_WRTC$OFF                            (abs)        00000
__CFG_WRTD$OFF                            (abs)        00000
__CFG_WRTSAF$OFF                          (abs)        00000
__CFG_ZCD$OFF                             (abs)        00000
__Habs1                                   abs1         00000
__Hbank0                                  bank0        00000
__Hbank1                                  bank1        00000
__Hbank10                                 bank10       00000
__Hbank11                                 bank11       00000
__Hbank12                                 bank12       00000
__Hbank13                                 bank13       00000
__Hbank14                                 bank14       00000
__Hbank15                                 bank15       00000
__Hbank16                                 bank16       00000
__Hbank17                                 bank17       00000
__Hbank18                                 bank18       00000
__Hbank19                                 bank19       00000
__Hbank2                                  bank2        00000
__Hbank20                                 bank20       00000
__Hbank21                                 bank21       00000
__Hbank22                                 bank22       00000
__Hbank23                                 bank23       00000
__Hbank24                                 bank24       00000
__Hbank25                                 bank25       00000
__Hbank26                                 bank26       00000
__Hbank27                                 bank27       00000
__Hbank28                                 bank28       00000
__Hbank29                                 bank29       00000
__Hbank3                                  bank3        00000
__Hbank30                                 bank30       00000
__Hbank31                                 bank31       00000
__Hbank32                                 bank32       00000
__Hbank33                                 bank33       00000
__Hbank34                                 bank34       00000
__Hbank35                                 bank35       00000
__Hbank36                                 bank36       00000
__Hbank37                                 bank37       00000
__Hbank38                                 bank38       00000
__Hbank39                                 bank39       00000
__Hbank4                                  bank4        00000
__Hbank40                                 bank40       00000
__Hbank41                                 bank41       00000
__Hbank42                                 bank42       00000
__Hbank43                                 bank43       00000
__Hbank44                                 bank44       00000
__Hbank45                                 bank45       00000
__Hbank46                                 bank46       00000
__Hbank47                                 bank47       00000
__Hbank48                                 bank48       00000
__Hbank49                                 bank49       00000
__Hbank5                                  bank5        00000
__Hbank50                                 bank50       00000
__Hbank51                                 bank51       00000
__Hbank52                                 bank52       00000
__Hbank53                                 bank53       00000
__Hbank54                                 bank54       00000
__Hbank55                                 bank55       00000
__Hbank56                                 bank56       00000
__Hbank57                                 bank57       00000
__Hbank58                                 bank58       00000
__Hbank59                                 bank59       00000
__Hbank6                                  bank6        00000
__Hbank60                                 bank60       00000
__Hbank61                                 bank61       00000
__Hbank62                                 bank62       00000
__Hbank63                                 bank63       00000
__Hbank7                                  bank7        00000
__Hbank8                                  bank8        00000
__Hbank9                                  bank9        00000
__Hbigram                                 bigram       00000
__HbssBANK0                               bssBANK0     00000
__HbssBANK1                               bssBANK1     00000
__Hcinit                                  cinit        00038
__Hclrtext                                clrtext      00000
__Hcode                                   code         00000
__Hcommon                                 common       00000
__Hconfig                                 config       0800C
__HcstackBANK0                            cstackBANK0  00000
__HcstackBANK1                            cstackBANK1  00000
__HcstackCOMMON                           cstackCOMMON 00000
__HdataBANK1                              dataBANK1    00000
__Heeprom_data                            eeprom_data  00000
__Hend_init                               end_init     00016
__Hfunctab                                functab      00000
__HidataBANK1                             idataBANK1   00000
__Hidloc                                  idloc        00000
__Hinit                                   init         00014
__Hinittext                               inittext     00000
__Hintentry                               intentry     00014
__Hmaintext                               maintext     00000
__HnvBANK0                                nvBANK0      00000
__Hpowerup                                powerup      00000
__Hram                                    ram          00000
__Hreset_vec                              reset_vec    00003
__Hsfr0                                   sfr0         00000
__Hsfr1                                   sfr1         00000
__Hsfr10                                  sfr10        00000
__Hsfr11                                  sfr11        00000
__Hsfr12                                  sfr12        00000
__Hsfr13                                  sfr13        00000
__Hsfr14                                  sfr14        00000
__Hsfr15                                  sfr15        00000
__Hsfr16                                  sfr16        00000
__Hsfr17                                  sfr17        00000
__Hsfr18                                  sfr18        00000
__Hsfr19                                  sfr19        00000
__Hsfr2                                   sfr2         00000
__Hsfr20                                  sfr20        00000
__Hsfr21                                  sfr21        00000
__Hsfr22                                  sfr22        00000
__Hsfr23                                  sfr23        00000
__Hsfr24                                  sfr24        00000
__Hsfr25                                  sfr25        00000
__Hsfr26                                  sfr26        00000
__Hsfr27                                  sfr27        00000
__Hsfr28                                  sfr28        00000
__Hsfr29                                  sfr29        00000
__Hsfr3                                   sfr3         00000
__Hsfr30                                  sfr30        00000
__Hsfr31                                  sfr31        00000
__Hsfr32                                  sfr32        00000
__Hsfr33                                  sfr33        00000
__Hsfr34                                  sfr34        00000
__Hsfr35                                  sfr35        00000
__Hsfr36                                  sfr36        00000
__Hsfr37                                  sfr37        00000
__Hsfr38                                  sfr38        00000
__Hsfr39                                  sfr39        00000
__Hsfr4                                   sfr4         00000
__Hsfr40                                  sfr40        00000
__Hsfr41                                  sfr41        00000
__Hsfr42                                  sfr42        00000
__Hsfr43                                  sfr43        00000
__Hsfr44                                  sfr44        00000
__Hsfr45                                  sfr45        00000
__Hsfr46                                  sfr46        00000
__Hsfr47                                  sfr47        00000
__Hsfr48                                  sfr48        00000
__Hsfr49                                  sfr49        00000
__Hsfr5                                   sfr5         00000
__Hsfr50                                  sfr50        00000
__Hsfr51                                  sfr51        00000
__Hsfr52                                  sfr52        00000
__Hsfr53                                  sfr53        00000
__Hsfr54                                  sfr54        00000
__Hsfr55                                  sfr55        00000
__Hsfr56                                  sfr56        00000
__Hsfr57                                  sfr57        00000
__Hsfr58                                  sfr58        00000
__Hsfr59                                  sfr59        00000
__Hsfr6                                   sfr6         00000
__Hsfr60                                  sfr60        00000
__Hsfr61                                  sfr61        00000
__Hsfr62                                  sfr62        00000
__Hsfr63                                  sfr63        00000
__Hsfr7                                   sfr7         00000
__Hsfr8                                   sfr8         00000
__Hsfr9                                   sfr9         00000
__Hspace_0                                (abs)        0800C
__Hspace_1                                (abs)        000D5
__Hspace_2                                (abs)        00000
__Hspace_3                                (abs)        00000
__Hstack                                  stack        00000
__Hstrings                                strings      00000
__Hstringtext1                            stringtext1  00000
__Hstringtext2                            stringtext2  00000
__Hstringtext3                            stringtext3  00000
__Hstringtext4                            stringtext4  00000
__Hstringtext5                            stringtext5  00000
__Hstringtext6                            stringtext6  00000
__Htext                                   text         00000
__Labs1                                   abs1         00000
__Lbank0                                  bank0        00000
__Lbank1                                  bank1        00000
__Lbank10                                 bank10       00000
__Lbank11                                 bank11       00000
__Lbank12                                 bank12       00000
__Lbank13                                 bank13       00000
__Lbank14                                 bank14       00000
__Lbank15                                 bank15       00000
__Lbank16                                 bank16       00000
__Lbank17                                 bank17       00000
__Lbank18                                 bank18       00000
__Lbank19                                 bank19       00000
__Lbank2                                  bank2        00000
__Lbank20                                 bank20       00000
__Lbank21                                 bank21       00000
__Lbank22                                 bank22       00000
__Lbank23                                 bank23       00000
__Lbank24                                 bank24       00000
__Lbank25                                 bank25       00000
__Lbank26                                 bank26       00000
__Lbank27                                 bank27       00000
__Lbank28                                 bank28       00000
__Lbank29                                 bank29       00000
__Lbank3                                  bank3        00000
__Lbank30                                 bank30       00000
__Lbank31                                 bank31       00000
__Lbank32                                 bank32       00000
__Lbank33                                 bank33       00000
__Lbank34                                 bank34       00000
__Lbank35                                 bank35       00000
__Lbank36                                 bank36       00000
__Lbank37                                 bank37       00000
__Lbank38                                 bank38       00000
__Lbank39                                 bank39       00000
__Lbank4                                  bank4        00000
__Lbank40                                 bank40       00000
__Lbank41                                 bank41       00000
__Lbank42                                 bank42       00000
__Lbank43                                 bank43       00000
__Lbank44                                 bank44       00000
__Lbank45                                 bank45       00000
__Lbank46                                 bank46       00000
__Lbank47                                 bank47       00000
__Lbank48                                 bank48       00000
__Lbank49                                 bank49       00000
__Lbank5                                  bank5        00000
__Lbank50                                 bank50       00000
__Lbank51                                 bank51       00000
__Lbank52                                 bank52       00000
__Lbank53                                 bank53       00000
__Lbank54                                 bank54       00000
__Lbank55                                 bank55       00000
__Lbank56                                 bank56       00000
__Lbank57                                 bank57       00000
__Lbank58                                 bank58       00000
__Lbank59                                 bank59       00000
__Lbank6                                  bank6        00000
__Lbank60                                 bank60       00000
__Lbank61                                 bank61       00000
__Lbank62                                 bank62       00000
__Lbank63                                 bank63       00000
__Lbank7                                  bank7        00000
__Lbank8                                  bank8        00000
__Lbank9                                  bank9        00000
__Lbigram                                 bigram       00000
__LbssBANK0                               bssBANK0     00000
__LbssBANK1                               bssBANK1     00000
__Lcinit                                  cinit        00016
__Lclrtext                                clrtext      00000
__Lcode                                   code         00000
__Lcommon                                 common       00000
__Lconfig                                 config       08007
__LcstackBANK0                            cstackBANK0  00000
__LcstackBANK1                            cstackBANK1  00000
__LcstackCOMMON                           cstackCOMMON 00000
__LdataBANK1                              dataBANK1    00000
__Leeprom_data                            eeprom_data  00000
__Lend_init                               end_init     00014
__Lfunctab                                functab      00000
__LidataBANK1                             idataBANK1   00000
__Lidloc                                  idloc        00000
__Linit                                   init         00014
__Linittext                               inittext     00000
__Lintentry                               intentry     00004
__Lmaintext                               maintext     00000
__LnvBANK0                                nvBANK0      00000
__Lpowerup                                powerup      00000
__Lram                                    ram          00000
__Lreset_vec                              reset_vec    00000
__Lsfr0                                   sfr0         00000
__Lsfr1                                   sfr1         00000
__Lsfr10                                  sfr10        00000
__Lsfr11                                  sfr11        00000
__Lsfr12                                  sfr12        00000
__Lsfr13                                  sfr13        00000
__Lsfr14                                  sfr14        00000
__Lsfr15                                  sfr15        00000
__Lsfr16                                  sfr16        00000
__Lsfr17                                  sfr17        00000
__Lsfr18                                  sfr18        00000
__Lsfr19                                  sfr19        00000
__Lsfr2                                   sfr2         00000
__Lsfr20                                  sfr20        00000
__Lsfr21                                  sfr21        00000
__Lsfr22                                  sfr22        00000
__Lsfr23                                  sfr23        00000
__Lsfr24                                  sfr24        00000
__Lsfr25                                  sfr25        00000
__Lsfr26                                  sfr26        00000
__Lsfr27                                  sfr27        00000
__Lsfr28                                  sfr28        00000
__Lsfr29                                  sfr29        00000
__Lsfr3                                   sfr3         00000
__Lsfr30                                  sfr30        00000
__Lsfr31                                  sfr31        00000
__Lsfr32                                  sfr32        00000
__Lsfr33                                  sfr33        00000
__Lsfr34                                  sfr34        00000
__Lsfr35                                  sfr35        00000
__Lsfr36                                  sfr36        00000
__Lsfr37                                  sfr37        00000
__Lsfr38                                  sfr38        00000
__Lsfr39                                  sfr39        00000
__Lsfr4                                   sfr4         00000
__Lsfr40                                  sfr40        00000
__Lsfr41                                  sfr41        00000
__Lsfr42                                  sfr42        00000
__Lsfr43                                  sfr43        00000
__Lsfr44                                  sfr44        00000
__Lsfr45                                  sfr45        00000
__Lsfr46                                  sfr46        00000
__Lsfr47                                  sfr47        00000
__Lsfr48                                  sfr48        00000
__Lsfr49                                  sfr49        00000
__Lsfr5                                   sfr5         00000
__Lsfr50                                  sfr50        00000
__Lsfr51                                  sfr51        00000
__Lsfr52                                  sfr52        00000
__Lsfr53                                  sfr53        00000
__Lsfr54                                  sfr54        00000
__Lsfr55                                  sfr55        00000
__Lsfr56                                  sfr56        00000
__Lsfr57                                  sfr57        00000
__Lsfr58                                  sfr58        00000
__Lsfr59                                  sfr59        00000
__Lsfr6                                   sfr6         00000
__Lsfr60                                  sfr60        00000
__Lsfr61                                  sfr61        00000
__Lsfr62                                  sfr62        00000
__Lsfr63                                  sfr63        00000
__Lsfr7                                   sfr7         00000
__Lsfr8                                   sfr8         00000
__Lsfr9                                   sfr9         00000
__Lspace_0                                (abs)        00000
__Lspace_1                                (abs)        00000
__Lspace_2                                (abs)        00000
__Lspace_3                                (abs)        00000
__Lstack                                  stack        00000
__Lstrings                                strings      00000
__Lstringtext1                            stringtext1  00000
__Lstringtext2                            stringtext2  00000
__Lstringtext3                            stringtext3  00000
__Lstringtext4                            stringtext4  00000
__Lstringtext5                            stringtext5  00000
__Lstringtext6                            stringtext6  00000
__Ltext                                   text         00000
__S0                                      (abs)        0800C
__S1                                      (abs)        000D5
__S2                                      (abs)        00000
__S3                                      (abs)        00000
___bmul                                   text5        00F06
___bmul@multiplicand                      cstackBANK1  000A0
___bmul@multiplier                        cstackBANK1  000A3
___bmul@product                           cstackBANK1  000A2
___int_sp                                 stack        00000
___latbits                                (abs)        00003
___lwdiv                                  text33       00726
___lwdiv@counter                          cstackCOMMON 00077
___lwdiv@dividend                         cstackCOMMON 00072
___lwdiv@divisor                          cstackCOMMON 00070
___lwdiv@quotient                         cstackCOMMON 00075
___lwmod                                  text32       00789
___lwmod@counter                          cstackCOMMON 0007D
___lwmod@dividend                         cstackCOMMON 0007A
___lwmod@divisor                          cstackCOMMON 00078
___sp                                     stack        00000
___wmul                                   text12       00FC6
___wmul@multiplicand                      cstackBANK1  000A2
___wmul@multiplier                        cstackBANK1  000A0
___wmul@product                           cstackBANK1  000A4
__end_of_ADCC_GetConversionResult         text39       00800
__end_of_ADCC_Initialize                  text20       00F5A
__end_of_ADCC_IsConversionDone            text38       00E6A
__end_of_ADCC_StartConversion             text37       00E72
__end_of_FVR_Initialize                   text19       00E5E
__end_of_Font10x12                        stringtext1  0013C
__end_of_INTERRUPT_InterruptManager       intentry     00014
__end_of_OSCILLATOR_Initialize            text18       00EA4
__end_of_PIN_MANAGER_Initialize           text17       01000
__end_of_PMD_Initialize                   text16       00E7A
__end_of_SYSTEM_Initialize                text13       00F06
__end_of_TABLA1                           stringtext3  0031C
__end_of_TABLA2                           stringtext2  0022C
__end_of_TMR0_DefaultInterruptHandler     text36       00004
__end_of_TMR0_ISR                         text22       00623
__end_of_TMR0_Initialize                  text14       00FAB
__end_of_TMR0_SetInterruptHandler         text15       00E83
__end_of___bmul                           text5        00F18
__end_of___lwdiv                          text33       0075A
__end_of___lwmod                          text32       007B5
__end_of___wmul                           text12       00FE2
__end_of__initialization                  cinit        00034
__end_of_dpowers                          stringtext4  0100A
__end_of_main                             maintext     006EB
__end_of_nokia_clean_buffer               text11       00726
__end_of_nokia_clean_line                 text34       00789
__end_of_nokia_delay                      text9        00E63
__end_of_nokia_gotoxy                     text10       00FC6
__end_of_nokia_init                       text6        005CE
__end_of_nokia_printchar                  text4        00566
__end_of_nokia_printstr                   text3        00F40
__end_of_nokia_refresh                    text1        0066A
__end_of_nokia_write_command              text7        00EC9
__end_of_nokia_write_data                 text2        00ED6
__end_of_nokia_write_dorc                 text8        007DA
__end_of_sprintf                          text31       003E9
__end_ofi1___bmul                         text29       00EF4
__end_ofi1___wmul                         text35       00F75
__end_ofi1_nokia_gotoxy                   text30       00F90
__end_ofi1_nokia_printchar                text28       004AF
__end_ofi1_nokia_printstr                 text27       00F2B
__end_ofi1_nokia_refresh                  text23       006B0
__end_ofi1_nokia_write_command            text25       00E8E
__end_ofi1_nokia_write_data               text24       00E99
__end_ofi1_nokia_write_dorc               text26       007FA
__initialization                          cinit        00016
__pbssBANK0                               bssBANK0     0004B
__pbssBANK1                               bssBANK1     000D3
__pbssBIGRAM                              (abs)        025F8
__pcstackBANK0                            cstackBANK0  00020
__pcstackBANK1                            cstackBANK1  000A0
__pcstackCOMMON                           cstackCOMMON 00070
__pdataBANK1                              dataBANK1    000C6
__pidataBANK1                             idataBANK1   00ED6
__pintentry                               intentry     00004
__pmaintext                               maintext     006B0
__pnvBANK0                                nvBANK0      00047
__pstringtext1                            stringtext1  00038
__pstringtext2                            stringtext2  0013C
__pstringtext3                            stringtext3  0022C
__pstringtext4                            stringtext4  01000
__pstringtext5                            stringtext5  0100A
__pstringtext6                            stringtext6  00000
__ptext1                                  text1        00623
__ptext10                                 text10       00FAB
__ptext11                                 text11       006EB
__ptext12                                 text12       00FC6
__ptext13                                 text13       00EF4
__ptext14                                 text14       00F90
__ptext15                                 text15       00E7A
__ptext16                                 text16       00E72
__ptext17                                 text17       00FE2
__ptext18                                 text18       00E99
__ptext19                                 text19       00E5A
__ptext2                                  text2        00EC9
__ptext20                                 text20       00F40
__ptext22                                 text22       005CE
__ptext23                                 text23       0066A
__ptext24                                 text24       00E8E
__ptext25                                 text25       00E83
__ptext26                                 text26       007DA
__ptext27                                 text27       00F18
__ptext28                                 text28       003E9
__ptext29                                 text29       00EE3
__ptext3                                  text3        00F2B
__ptext30                                 text30       00F75
__ptext31                                 text31       0031C
__ptext32                                 text32       00789
__ptext33                                 text33       00726
__ptext34                                 text34       0075A
__ptext35                                 text35       00F5A
__ptext36                                 text36       00003
__ptext37                                 text37       00E6A
__ptext38                                 text38       00E63
__ptext39                                 text39       007FA
__ptext4                                  text4        004AF
__ptext5                                  text5        00F06
__ptext6                                  text6        00566
__ptext7                                  text7        00EBC
__ptext8                                  text8        007B5
__ptext9                                  text9        00E5E
__size_of_ADCC_GetConversionResult        (abs)        00000
__size_of_ADCC_Initialize                 (abs)        00000
__size_of_ADCC_IsConversionDone           (abs)        00000
__size_of_ADCC_StartConversion            (abs)        00000
__size_of_FVR_Initialize                  (abs)        00000
__size_of_INTERRUPT_InterruptManager      (abs)        00000
__size_of_OSCILLATOR_Initialize           (abs)        00000
__size_of_PIN_MANAGER_Initialize          (abs)        00000
__size_of_PMD_Initialize                  (abs)        00000
__size_of_SYSTEM_Initialize               (abs)        00000
__size_of_TMR0_DefaultInterruptHandler    (abs)        00000
__size_of_TMR0_ISR                        (abs)        00000
__size_of_TMR0_Initialize                 (abs)        00000
__size_of_TMR0_SetInterruptHandler        (abs)        00000
__size_of___bmul                          (abs)        00000
__size_of___lwdiv                         (abs)        00000
__size_of___lwmod                         (abs)        00000
__size_of___wmul                          (abs)        00000
__size_of_main                            (abs)        00000
__size_of_nokia_clean_buffer              (abs)        00000
__size_of_nokia_clean_line                (abs)        00000
__size_of_nokia_delay                     (abs)        00000
__size_of_nokia_gotoxy                    (abs)        00000
__size_of_nokia_init                      (abs)        00000
__size_of_nokia_printchar                 (abs)        00000
__size_of_nokia_printstr                  (abs)        00000
__size_of_nokia_refresh                   (abs)        00000
__size_of_nokia_write_command             (abs)        00000
__size_of_nokia_write_data                (abs)        00000
__size_of_nokia_write_dorc                (abs)        00000
__size_of_sprintf                         (abs)        00000
__size_ofi1___bmul                        (abs)        00000
__size_ofi1___wmul                        (abs)        00000
__size_ofi1_nokia_gotoxy                  (abs)        00000
__size_ofi1_nokia_printchar               (abs)        00000
__size_ofi1_nokia_printstr                (abs)        00000
__size_ofi1_nokia_refresh                 (abs)        00000
__size_ofi1_nokia_write_command           (abs)        00000
__size_ofi1_nokia_write_data              (abs)        00000
__size_ofi1_nokia_write_dorc              (abs)        00000
_buffer                                   (abs)        025F8
_dpowers                                  stringtext4  01000
_idx                                      bssBANK1     000D4
_idy                                      bssBANK1     000D3
_main                                     maintext     006B0
_nokia_clean_buffer                       text11       006EB
_nokia_clean_line                         text34       0075A
_nokia_delay                              text9        00E5E
_nokia_gotoxy                             text10       00FAB
_nokia_init                               text6        00566
_nokia_printchar                          text4        004AF
_nokia_printstr                           text3        00F2B
_nokia_refresh                            text1        00623
_nokia_write_command                      text7        00EBC
_nokia_write_data                         text2        00EC9
_nokia_write_dorc                         text8        007B5
_sprintf                                  text31       0031C
_state                                    bssBANK0     0004B
_timer0ReloadVal16bit                     nvBANK0      00049
btemp                                     (abs)        0007E
clear_ram0                                clrtext      00EA4
end_of_initialization                     cinit        00034
i1___bmul                                 text29       00EE3
i1___bmul@multiplicand                    cstackCOMMON 00070
i1___bmul@multiplier                      cstackCOMMON 00073
i1___bmul@product                         cstackCOMMON 00072
i1___wmul                                 text35       00F5A
i1___wmul@multiplicand                    cstackCOMMON 00072
i1___wmul@multiplier                      cstackCOMMON 00070
i1___wmul@product                         cstackCOMMON 00074
i1_nokia_gotoxy                           text30       00F75
i1_nokia_printchar                        text28       003E9
i1_nokia_printstr                         text27       00F18
i1_nokia_refresh                          text23       0066A
i1_nokia_write_command                    text25       00E83
i1_nokia_write_data                       text24       00E8E
i1_nokia_write_dorc                       text26       007DA
i1nokia_gotoxy@x                          cstackCOMMON 00072
i1nokia_gotoxy@y                          cstackCOMMON 00070
i1nokia_printchar@c                       cstackCOMMON 00079
i1nokia_printchar@char_data               cstackCOMMON 00076
i1nokia_printchar@char_pos                cstackCOMMON 00077
i1nokia_printchar@char_row                cstackCOMMON 00078
i1nokia_printstr@message                  cstackCOMMON 0007B
i1nokia_refresh@i                         cstackBANK0  00020
i1nokia_refresh@j                         cstackBANK0  00021
i1nokia_write_command@comando             cstackCOMMON 00074
i1nokia_write_data@dato                   cstackCOMMON 00074
i1nokia_write_dorc@caa                    cstackCOMMON 00072
i1nokia_write_dorc@data                   cstackCOMMON 00073
i1nokia_write_dorc@n_dato                 cstackCOMMON 00071
init_ram                                  inittext     00EB0
int$flags                                 (abs)        0007E
intlevel0                                 functab      00000
intlevel1                                 functab      00000
intlevel2                                 functab      00000
intlevel3                                 functab      00000
intlevel4                                 functab      00000
intlevel5                                 functab      00000
main@F12664                               dataBANK1    000C6
main@i                                    cstackBANK1  000C4
main@str_greeting                         cstackBANK1  000B7
nokia_clean_buffer@i                      cstackBANK1  000AE
nokia_clean_buffer@j                      cstackBANK1  000AF
nokia_clean_line@i                        cstackBANK0  00021
nokia_clean_line@y                        cstackBANK0  00020
nokia_delay@count                         cstackBANK1  000A0
nokia_gotoxy@x                            cstackBANK1  000A2
nokia_gotoxy@y                            cstackBANK1  000A0
nokia_printchar@c                         cstackBANK1  000B3
nokia_printchar@char_data                 cstackBANK1  000B0
nokia_printchar@char_pos                  cstackBANK1  000B1
nokia_printchar@char_row                  cstackBANK1  000B2
nokia_printstr@message                    cstackBANK1  000B5
nokia_refresh@i                           cstackBANK1  000AE
nokia_refresh@j                           cstackBANK1  000AF
nokia_write_command@comando               cstackBANK1  000A4
nokia_write_data@dato                     cstackBANK1  000A4
nokia_write_dorc@caa                      cstackBANK1  000A2
nokia_write_dorc@data                     cstackBANK1  000A3
nokia_write_dorc@n_dato                   cstackBANK1  000A1
reset_vec                                 reset_vec    00000
sprintf@ap                                cstackBANK0  00028
sprintf@c                                 cstackBANK0  0002E
sprintf@f                                 cstackBANK0  00020
sprintf@flag                              cstackBANK0  00029
sprintf@prec                              cstackBANK0  0002A
sprintf@sp                                cstackBANK0  0002D
sprintf@val                               cstackBANK0  0002B
stackhi                                   (abs)        025F7
stacklo                                   (abs)        02085
start                                     init         00014
start_initialization                      cinit        00016
wtemp0                                    (abs)        0007E


FUNCTION INFORMATION:

 *************** function _main *****************
 Defined at:
		line 54 in file "main.c"
 Parameters:    Size  Location     Type
		None
 Auto vars:     Size  Location     Type
  str_greeting   13   23[BANK1 ] unsigned char [13]
  i               2   36[BANK1 ] int 
 Return value:  Size  Location     Type
                  1    wreg      void 
 Registers used:
		wreg, fsr0l, fsr0h, fsr1l, fsr1h, status,2, status,0, pclath, cstack
 Tracked objects:
		On entry : 
		On exit  : 
		Unchanged: 
 Data sizes:     COMMON   BANK0   BANK1   BANK2   BANK3   BANK4   BANK5   BANK6   BANK7   BANK8   BANK9  BANK10  BANK11  BANK12  BANK13  BANK14  BANK15  BANK16  BANK17  BANK18  BANK19  BANK20  BANK21  BANK22  BANK23  BANK24  BANK25
      Params:         0       0       0       0       0       0       0       0       0       0       0       0       0       0       0       0       0       0       0       0       0       0       0       0       0       0       0
      Locals:         0       0      15       0       0       0       0       0       0       0       0       0       0       0       0       0       0       0       0       0       0       0       0       0       0       0       0
      Temps:          0       0       1       0       0       0       0       0       0       0       0       0       0       0       0       0       0       0       0       0       0       0       0       0       0       0       0
      Totals:         0       0      16       0       0       0       0       0       0       0       0       0       0       0       0       0       0       0       0       0       0       0       0       0       0       0       0
Total ram usage:       16 bytes
 Hardware stack levels required when called:    8
 This function calls:
		_SYSTEM_Initialize
		_nokia_clean_buffer
		_nokia_gotoxy
		_nokia_init
		_nokia_printstr
		_nokia_refresh
 This function is called by:
		Startup code after reset
 This function uses a non-reentrant model


 *************** function _nokia_refresh *****************
 Defined at:
		line 319 in file "Nokia_5110.c"
 Parameters:    Size  Location     Type
		None
 Auto vars:     Size  Location     Type
  j               1   15[BANK1 ] unsigned char 
  i               1   14[BANK1 ] unsigned char 
 Return value:  Size  Location     Type
                  1    wreg      void 
 Registers used:
		wreg, fsr1l, fsr1h, status,2, status,0, pclath, cstack
 Tracked objects:
		On entry : 
		On exit  : 
		Unchanged: 
 Data sizes:     COMMON   BANK0   BANK1   BANK2   BANK3   BANK4   BANK5   BANK6   BANK7   BANK8   BANK9  BANK10  BANK11  BANK12  BANK13  BANK14  BANK15  BANK16  BANK17  BANK18  BANK19  BANK20  BANK21  BANK22  BANK23  BANK24  BANK25
      Params:         0       0       0       0       0       0       0       0       0       0       0       0       0       0       0       0       0       0       0       0       0       0       0       0       0       0       0
      Locals:         0       0       2       0       0       0       0       0       0       0       0       0       0       0       0       0       0       0       0       0       0       0       0       0       0       0       0
      Temps:          0       0       8       0       0       0       0       0       0       0       0       0       0       0       0       0       0       0       0       0       0       0       0       0       0       0       0
      Totals:         0       0      10       0       0       0       0       0       0       0       0       0       0       0       0       0       0       0       0       0       0       0       0       0       0       0       0
Total ram usage:       10 bytes
 Hardware stack levels used:    1
 Hardware stack levels required when called:    7
 This function calls:
		___wmul
		_nokia_write_command
		_nokia_write_data
 This function is called by:
		_main
 This function uses a non-reentrant model


 *************** function _nokia_write_data *****************
 Defined at:
		line 354 in file "Nokia_5110.c"
 Parameters:    Size  Location     Type
  dato            1    wreg     unsigned char 
 Auto vars:     Size  Location     Type
  dato            1    4[BANK1 ] unsigned char 
 Return value:  Size  Location     Type
                  1    wreg      void 
 Registers used:
		wreg, status,2, status,0, pclath, cstack
 Tracked objects:
		On entry : 
		On exit  : 
		Unchanged: 
[...]
 Tracked objects:
		On entry : 
		On exit  : 
		Unchanged: 
 Data sizes:     COMMON   BANK0   BANK1   BANK2   BANK3   BANK4   BANK5   BANK6   BANK7   BANK8   BANK9  BANK10  BANK11  BANK12  BANK13  BANK14  BANK15  BANK16  BANK17  BANK18  BANK19  BANK20  BANK21  BANK22  BANK23  BANK24  BANK25
      Params:         0       4       0       0       0       0       0       0       0       0       0       0       0       0       0       0       0       0       0       0       0       0       0       0       0       0       0
      Locals:         0       7       0       0       0       0       0       0       0       0       0       0       0       0       0       0       0       0       0       0       0       0       0       0       0       0       0
      Temps:          0       4       0       0       0       0       0       0       0       0       0       0       0       0       0       0       0       0       0       0       0       0       0       0       0       0       0
      Totals:         0      15       0       0       0       0       0       0       0       0       0       0       0       0       0       0       0       0       0       0       0       0       0       0       0       0       0
Total ram usage:       15 bytes
 Hardware stack levels used:    1
 Hardware stack levels required when called:    1
 This function calls:
		___lwdiv
		___lwmod
 This function is called by:
		_TMR0_ISR
 This function uses a non-reentrant model


 *************** function ___lwmod *****************
 Defined at:
		line 6 in file "C:\Program Files (x86)\Microchip\xc8\v1.45\sources\common\lwmod.c"
 Parameters:    Size  Location     Type
  divisor         2    8[COMMON] unsigned int 
  dividend        2   10[COMMON] unsigned int 
 Auto vars:     Size  Location     Type
  counter         1   13[COMMON] unsigned char 
 Return value:  Size  Location     Type
                  2    8[COMMON] unsigned int 
 Registers used:
		wreg, status,2, status,0
 Tracked objects:
		On entry : 
		On exit  : 
		Unchanged: 
 Data sizes:     COMMON   BANK0   BANK1   BANK2   BANK3   BANK4   BANK5   BANK6   BANK7   BANK8   BANK9  BANK10  BANK11  BANK12  BANK13  BANK14  BANK15  BANK16  BANK17  BANK18  BANK19  BANK20  BANK21  BANK22  BANK23  BANK24  BANK25
      Params:         4       0       0       0       0       0       0       0       0       0       0       0       0       0       0       0       0       0       0       0       0       0       0       0       0       0       0
      Locals:         1       0       0       0       0       0       0       0       0       0       0       0       0       0       0       0       0       0       0       0       0       0       0       0       0       0       0
      Temps:          1       0       0       0       0       0       0       0       0       0       0       0       0       0       0       0       0       0       0       0       0       0       0       0       0       0       0
      Totals:         6       0       0       0       0       0       0       0       0       0       0       0       0       0       0       0       0       0       0       0       0       0       0       0       0       0       0
Total ram usage:        6 bytes
 Hardware stack levels used:    1
 This function calls:
		Nothing
 This function is called by:
		_sprintf
 This function uses a non-reentrant model


 *************** function ___lwdiv *****************
 Defined at:
		line 6 in file "C:\Program Files (x86)\Microchip\xc8\v1.45\sources\common\lwdiv.c"
 Parameters:    Size  Location     Type
  divisor         2    0[COMMON] unsigned int 
  dividend        2    2[COMMON] unsigned int 
 Auto vars:     Size  Location     Type
  quotient        2    5[COMMON] unsigned int 
  counter         1    7[COMMON] unsigned char 
 Return value:  Size  Location     Type
                  2    0[COMMON] unsigned int 
 Registers used:
		wreg, status,2, status,0
 Tracked objects:
		On entry : 
		On exit  : 
		Unchanged: 
 Data sizes:     COMMON   BANK0   BANK1   BANK2   BANK3   BANK4   BANK5   BANK6   BANK7   BANK8   BANK9  BANK10  BANK11  BANK12  BANK13  BANK14  BANK15  BANK16  BANK17  BANK18  BANK19  BANK20  BANK21  BANK22  BANK23  BANK24  BANK25
      Params:         4       0       0       0       0       0       0       0       0       0       0       0       0       0       0       0       0       0       0       0       0       0       0       0       0       0       0
      Locals:         3       0       0       0       0       0       0       0       0       0       0       0       0       0       0       0       0       0       0       0       0       0       0       0       0       0       0
      Temps:          1       0       0       0       0       0       0       0       0       0       0       0       0       0       0       0       0       0       0       0       0       0       0       0       0       0       0
      Totals:         8       0       0       0       0       0       0       0       0       0       0       0       0       0       0       0       0       0       0       0       0       0       0       0       0       0       0
Total ram usage:        8 bytes
 Hardware stack levels used:    1
 This function calls:
		Nothing
 This function is called by:
		_sprintf
 This function uses a non-reentrant model


 *************** function _nokia_clean_line *****************
 Defined at:
		line 303 in file "Nokia_5110.c"
 Parameters:    Size  Location     Type
  y               1    wreg     unsigned char 
 Auto vars:     Size  Location     Type
  y               1    0[BANK0 ] unsigned char 
  i               1    1[BANK0 ] unsigned char 
 Return value:  Size  Location     Type
                  1    wreg      void 
 Registers used:
		wreg, fsr1l, fsr1h, status,2, status,0, pclath, cstack
 Tracked objects:
		On entry : 
		On exit  : 
		Unchanged: 
 Data sizes:     COMMON   BANK0   BANK1   BANK2   BANK3   BANK4   BANK5   BANK6   BANK7   BANK8   BANK9  BANK10  BANK11  BANK12  BANK13  BANK14  BANK15  BANK16  BANK17  BANK18  BANK19  BANK20  BANK21  BANK22  BANK23  BANK24  BANK25
      Params:         0       0       0       0       0       0       0       0       0       0       0       0       0       0       0       0       0       0       0       0       0       0       0       0       0       0       0
      Locals:         0       2       0       0       0       0       0       0       0       0       0       0       0       0       0       0       0       0       0       0       0       0       0       0       0       0       0
      Temps:          8       0       0       0       0       0       0       0       0       0       0       0       0       0       0       0       0       0       0       0       0       0       0       0       0       0       0
      Totals:         8       2       0       0       0       0       0       0       0       0       0       0       0       0       0       0       0       0       0       0       0       0       0       0       0       0       0
Total ram usage:       10 bytes
 Hardware stack levels used:    1
 Hardware stack levels required when called:    1
 This function calls:
		i1___wmul
 This function is called by:
		_TMR0_ISR
 This function uses a non-reentrant model


 *************** function i1___wmul *****************
 Defined at:
		line 15 in file "C:\Program Files (x86)\Microchip\xc8\v1.45\sources\common\Umul16.c"
 Parameters:    Size  Location     Type
  multiplier      2    0[COMMON] unsigned int 
  multiplicand    2    2[COMMON] unsigned int 
 Auto vars:     Size  Location     Type
  __wmul          2    4[COMMON] unsigned int 
 Return value:  Size  Location     Type
                  2    0[COMMON] unsigned int 
 Registers used:
		wreg, status,2, status,0
 Tracked objects:
		On entry : 
		On exit  : 
		Unchanged: 
 Data sizes:     COMMON   BANK0   BANK1   BANK2   BANK3   BANK4   BANK5   BANK6   BANK7   BANK8   BANK9  BANK10  BANK11  BANK12  BANK13  BANK14  BANK15  BANK16  BANK17  BANK18  BANK19  BANK20  BANK21  BANK22  BANK23  BANK24  BANK25
      Params:         4       0       0       0       0       0       0       0       0       0       0       0       0       0       0       0       0       0       0       0       0       0       0       0       0       0       0
      Locals:         2       0       0       0       0       0       0       0       0       0       0       0       0       0       0       0       0       0       0       0       0       0       0       0       0       0       0
      Temps:          0       0       0       0       0       0       0       0       0       0       0       0       0       0       0       0       0       0       0       0       0       0       0       0       0       0       0
      Totals:         6       0       0       0       0       0       0       0       0       0       0       0       0       0       0       0       0       0       0       0       0       0       0       0       0       0       0
Total ram usage:        6 bytes
 Hardware stack levels used:    1
 This function calls:
		Nothing
 This function is called by:
		_nokia_clean_line
		i1_nokia_refresh
		i1_nokia_printchar
 This function uses a non-reentrant model


 *************** function _TMR0_DefaultInterruptHandler *****************
 Defined at:
		line 238 in file "mcc_generated_files/tmr0.c"
 Parameters:    Size  Location     Type
		None
 Auto vars:     Size  Location     Type
		None
 Return value:  Size  Location     Type
                  1    wreg      void 
 Registers used:
		None
 Tracked objects:
		On entry : 
		On exit  : 
		Unchanged: 
 Data sizes:     COMMON   BANK0   BANK1   BANK2   BANK3   BANK4   BANK5   BANK6   BANK7   BANK8   BANK9  BANK10  BANK11  BANK12  BANK13  BANK14  BANK15  BANK16  BANK17  BANK18  BANK19  BANK20  BANK21  BANK22  BANK23  BANK24  BANK25
      Params:         0       0       0       0       0       0       0       0       0       0       0       0       0       0       0       0       0       0       0       0       0       0       0       0       0       0       0
      Locals:         0       0       0       0       0       0       0       0       0       0       0       0       0       0       0       0       0       0       0       0       0       0       0       0       0       0       0
      Temps:          0       0       0       0       0       0       0       0       0       0       0       0       0       0       0       0       0       0       0       0       0       0       0       0       0       0       0
      Totals:         0       0       0       0       0       0       0       0       0       0       0       0       0       0       0       0       0       0       0       0       0       0       0       0       0       0       0
Total ram usage:        0 bytes
 Hardware stack levels used:    1
 This function calls:
		Nothing
 This function is called by:
		_TMR0_Initialize
		_TMR0_ISR
 This function uses a non-reentrant model


 *************** function _ADCC_StartConversion *****************
 Defined at:
		line 113 in file "mcc_generated_files/adcc.c"
 Parameters:    Size  Location     Type
  channel         1    wreg     enum E12471
 Auto vars:     Size  Location     Type
  channel         1    0[COMMON] enum E12471
 Return value:  Size  Location     Type
                  1    wreg      void 
 Registers used:
		wreg
 Tracked objects:
		On entry : 
		On exit  : 
		Unchanged: 
 Data sizes:     COMMON   BANK0   BANK1   BANK2   BANK3   BANK4   BANK5   BANK6   BANK7   BANK8   BANK9  BANK10  BANK11  BANK12  BANK13  BANK14  BANK15  BANK16  BANK17  BANK18  BANK19  BANK20  BANK21  BANK22  BANK23  BANK24  BANK25
      Params:         0       0       0       0       0       0       0       0       0       0       0       0       0       0       0       0       0       0       0       0       0       0       0       0       0       0       0
      Locals:         1       0       0       0       0       0       0       0       0       0       0       0       0       0       0       0       0       0       0       0       0       0       0       0       0       0       0
      Temps:          0       0       0       0       0       0       0       0       0       0       0       0       0       0       0       0       0       0       0       0       0       0       0       0       0       0       0
      Totals:         1       0       0       0       0       0       0       0       0       0       0       0       0       0       0       0       0       0       0       0       0       0       0       0       0       0       0
Total ram usage:        1 bytes
 Hardware stack levels used:    1
 This function calls:
		Nothing
 This function is called by:
		_TMR0_ISR
 This function uses a non-reentrant model


 *************** function _ADCC_IsConversionDone *****************
 Defined at:
		line 125 in file "mcc_generated_files/adcc.c"
 Parameters:    Size  Location     Type
		None
 Auto vars:     Size  Location     Type
		None
 Return value:  Size  Location     Type
                  1    wreg      unsigned char 
 Registers used:
		wreg, status,0
 Tracked objects:
		On entry : 
		On exit  : 
		Unchanged: 
 Data sizes:     COMMON   BANK0   BANK1   BANK2   BANK3   BANK4   BANK5   BANK6   BANK7   BANK8   BANK9  BANK10  BANK11  BANK12  BANK13  BANK14  BANK15  BANK16  BANK17  BANK18  BANK19  BANK20  BANK21  BANK22  BANK23  BANK24  BANK25
      Params:         0       0       0       0       0       0       0       0       0       0       0       0       0       0       0       0       0       0       0       0       0       0       0       0       0       0       0
      Locals:         0       0       0       0       0       0       0       0       0       0       0       0       0       0       0       0       0       0       0       0       0       0       0       0       0       0       0
      Temps:          0       0       0       0       0       0       0       0       0       0       0       0       0       0       0       0       0       0       0       0       0       0       0       0       0       0       0
      Totals:         0       0       0       0       0       0       0       0       0       0       0       0       0       0       0       0       0       0       0       0       0       0       0       0       0       0       0
Total ram usage:        0 bytes
 Hardware stack levels used:    1
 This function calls:
		Nothing
 This function is called by:
		_TMR0_ISR
 This function uses a non-reentrant model


 *************** function _ADCC_GetConversionResult *****************
 Defined at:
		line 131 in file "mcc_generated_files/adcc.c"
 Parameters:    Size  Location     Type
		None
 Auto vars:     Size  Location     Type
		None
 Return value:  Size  Location     Type
                  2    0[COMMON] unsigned int 
 Registers used:
		wreg
 Tracked objects:
		On entry : 
		On exit  : 
		Unchanged: 
 Data sizes:     COMMON   BANK0   BANK1   BANK2   BANK3   BANK4   BANK5   BANK6   BANK7   BANK8   BANK9  BANK10  BANK11  BANK12  BANK13  BANK14  BANK15  BANK16  BANK17  BANK18  BANK19  BANK20  BANK21  BANK22  BANK23  BANK24  BANK25
      Params:         2       0       0       0       0       0       0       0       0       0       0       0       0       0       0       0       0       0       0       0       0       0       0       0       0       0       0
      Locals:         0       0       0       0       0       0       0       0       0       0       0       0       0       0       0       0       0       0       0       0       0       0       0       0       0       0       0
      Temps:          0       0       0       0       0       0       0       0       0       0       0       0       0       0       0       0       0       0       0       0       0       0       0       0       0       0       0
      Totals:         2       0       0       0       0       0       0       0       0       0       0       0       0       0       0       0       0       0       0       0       0       0       0       0       0       0       0
Total ram usage:        2 bytes
 Hardware stack levels used:    1
 This function calls:
		Nothing
 This function is called by:
		_TMR0_ISR
 This function uses a non-reentrant model



MODULE INFORMATION

Module		Function		Class		Link	Load	Size
mcc_generated_files/fvr.c
		_FVR_Initialize		CODE           	0E5A	0000	5

mcc_generated_files/fvr.c estimated size: 5

C:\Program Files (x86)\Microchip\xc8\v1.45\sources\common\doprnt.c
		_sprintf       		CODE           	031C	0000	206

C:\Program Files (x86)\Microchip\xc8\v1.45\sources\common\doprnt.c estimated size: 206

mcc_generated_files/interrupt_manager.c
		_INTERRUPT_InterruptManager		CODE           	0004	0000	17

mcc_generated_files/interrupt_manager.c estimated size: 17

C:\Program Files (x86)\Microchip\xc8\v1.45\sources\common\Umul16.c
		___wmul        		CODE           	0FC6	0000	29

C:\Program Files (x86)\Microchip\xc8\v1.45\sources\common\Umul16.c estimated size: 29

mcc_generated_files/tmr0.c
		_TMR0_SetInterruptHandler		CODE           	0E7A	0000	10
		_TMR0_DefaultInterruptHandler		CODE           	0003	0000	2
		_TMR0_ISR      		CODE           	05CE	0000	86
		_TMR0_Initialize		CODE           	0F90	0000	28

mcc_generated_files/tmr0.c estimated size: 126

mcc_generated_files/pin_manager.c
		_PIN_MANAGER_Initialize		CODE           	0FE2	0000	31

mcc_generated_files/pin_manager.c estimated size: 31

C:\Program Files (x86)\Microchip\xc8\v1.45\sources\common\lwmod.c
		___lwmod       		CODE           	0789	0000	45

C:\Program Files (x86)\Microchip\xc8\v1.45\sources\common\lwmod.c estimated size: 45

shared
		_TABLA2        		STRCODE        	013C	0000	241
		_dpowers       		STRCODE        	1000	0000	11
		i1___wmul      		CODE           	0F5A	0000	28
		_Font10x12     		STRCODE        	0038	0000	261
		i1_nokia_printstr		CODE           	0F18	0000	20
		__initialization		CODE           	0016	0000	31
		i1_nokia_printchar		CODE           	03E9	0000	199
		i1_nokia_gotoxy		CODE           	0F75	0000	28
		i1_nokia_write_data		CODE           	0E8E	0000	12
		i1_nokia_write_command		CODE           	0E83	0000	12
		i1_nokia_write_dorc		CODE           	07DA	0000	33
		_TABLA1        		STRCODE        	022C	0000	241
		i1___bmul      		CODE           	0EE3	0000	18
		i1_nokia_refresh		CODE           	066A	0000	71

shared estimated size: 1206

Nokia_5110.c
		_nokia_refresh 		CODE           	0623	0000	72
		_nokia_printchar		CODE           	04AF	0000	184
		_nokia_write_command		CODE           	0EBC	0000	14
		_nokia_clean_buffer		CODE           	06EB	0000	60
		_nokia_delay   		CODE           	0E5E	0000	6
		_nokia_gotoxy  		CODE           	0FAB	0000	28
		_nokia_write_data		CODE           	0EC9	0000	14
		_nokia_write_dorc		CODE           	07B5	0000	38
		_nokia_clean_line		CODE           	075A	0000	48
		_nokia_init    		CODE           	0566	0000	105
		_nokia_printstr		CODE           	0F2B	0000	22

Nokia_5110.c estimated size: 591

mcc_generated_files/mcc.c
		_PMD_Initialize		CODE           	0E72	0000	9
		_OSCILLATOR_Initialize		CODE           	0E99	0000	12
		_SYSTEM_Initialize		CODE           	0EF4	0000	19

mcc_generated_files/mcc.c estimated size: 40

C:\Program Files (x86)\Microchip\xc8\v1.45\sources\common\lwdiv.c
		___lwdiv       		CODE           	0726	0000	53

C:\Program Files (x86)\Microchip\xc8\v1.45\sources\common\lwdiv.c estimated size: 53

mcc_generated_files/adcc.c
		_ADCC_GetConversionResult		CODE           	07FA	0000	7
		_ADCC_StartConversion		CODE           	0E6A	0000	9
		_ADCC_Initialize		CODE           	0F40	0000	27
		_ADCC_IsConversionDone		CODE           	0E63	0000	8

mcc_generated_files/adcc.c estimated size: 51

C:\Program Files (x86)\Microchip\xc8\v1.45\sources\common\Umul8.c
		___bmul        		CODE           	0F06	0000	19

C:\Program Files (x86)\Microchip\xc8\v1.45\sources\common\Umul8.c estimated size: 19

main.c
		_main          		CODE           	06B0	0000	60

main.c estimated size: 60

